Component: ARM Compiler 5.06 update 6 (build 750) Tool: armlink [4d35ed]

==============================================================================

Section Cross References

    main.o(i.main) refers to misc.o(i.NVIC_PriorityGroupConfig) for NVIC_PriorityGroupConfig
    main.o(i.main) refers to os_core.o(i.OSInit) for OSInit
    main.o(i.main) refers to os_task.o(i.OSTaskCreate) for OSTaskCreate
    main.o(i.main) refers to os_core.o(i.OSStart) for OSStart
    main.o(i.main) refers to task.o(.bss) for START_TASK_STK
    main.o(i.main) refers to task.o(i.start_task) for start_task
    sysbsp.o(i.SYSBSP_Init) refers to usart.o(i.USART1_Configuration) for USART1_Configuration
    task.o(i.start_task) refers to sysbsp.o(i.SYSBSP_Init) for SYSBSP_Init
    task.o(i.start_task) refers to sys.o(i.Systick_Init) for Systick_Init
    task.o(i.start_task) refers to os_core.o(i.OSStatInit) for OSStatInit
    task.o(i.start_task) refers to os_cpu_a.o(.text) for OS_CPU_SR_Save
    task.o(i.start_task) refers to os_task.o(i.OSTaskCreate) for OSTaskCreate
    task.o(i.start_task) refers to os_task.o(i.OSTaskDelReq) for OSTaskDelReq
    task.o(i.start_task) refers to os_task.o(i.OSTaskDel) for OSTaskDel
    task.o(i.start_task) refers to noretval__2printf.o(.text) for __2printf
    task.o(i.start_task) refers to task.o(.bss) for USART1_TASK_STK
    task.o(i.start_task) refers to task.o(i.usart1_task) for usart1_task
    task.o(i.usart1_task) refers to _printf_percent.o(.ARM.Collect$$_printf_percent$$00000000) for _printf_percent
    task.o(i.usart1_task) refers to _printf_d.o(.ARM.Collect$$_printf_percent$$00000009) for _printf_d
    task.o(i.usart1_task) refers to _printf_dec.o(.text) for _printf_int_dec
    task.o(i.usart1_task) refers to noretval__2printf.o(.text) for __2printf
    task.o(i.usart1_task) refers to delay.o(i.Delay1ms) for Delay1ms
    task.o(i.usart1_task) refers to os_core.o(.data) for OSCPUUsage
    delay.o(i.Delay1ms) refers to os_time.o(i.OSTimeDly) for OSTimeDly
    delay.o(i.Delay1ms) refers to delay.o(i.Delay1us) for Delay1us
    delay.o(i.Delay1ms) refers to os_core.o(.data) for OSRunning
    delay.o(i.Delay1ms) refers to sys.o(.data) for fac_ms
    delay.o(i.Delay1us) refers to sys.o(.data) for fac_us
    sys.o(i.Systick_Init) refers to system_stm32f10x.o(.data) for SystemCoreClock
    sys.o(i.Systick_Init) refers to sys.o(.data) for fac_us
    usart.o(i.USART1_Configuration) refers (Special) to use_no_semi_2.o(.text) for __use_no_semihosting
    usart.o(i.USART1_Configuration) refers to stm32f10x_rcc.o(i.RCC_APB2PeriphClockCmd) for RCC_APB2PeriphClockCmd
    usart.o(i.USART1_Configuration) refers to stm32f10x_gpio.o(i.GPIO_Init) for GPIO_Init
    usart.o(i.USART1_Configuration) refers to stm32f10x_usart.o(i.USART_Init) for USART_Init
    usart.o(i.USART1_Configuration) refers to stm32f10x_usart.o(i.USART_Cmd) for USART_Cmd
    usart.o(i._sys_exit) refers (Special) to use_no_semi_2.o(.text) for __use_no_semihosting
    usart.o(i.fputc) refers (Special) to use_no_semi_2.o(.text) for __use_no_semihosting
    usart.o(i.fputc) refers to stm32f10x_usart.o(i.USART_GetFlagStatus) for USART_GetFlagStatus
    usart.o(i.fputc) refers to stm32f10x_usart.o(i.USART_SendData) for USART_SendData
    usart.o(.data) refers (Special) to use_no_semi_2.o(.text) for __use_no_semihosting
    system_stm32f10x.o(i.SetSysClock) refers to system_stm32f10x.o(i.SetSysClockTo72) for SetSysClockTo72
    system_stm32f10x.o(i.SystemCoreClockUpdate) refers to system_stm32f10x.o(.data) for SystemCoreClock
    system_stm32f10x.o(i.SystemInit) refers to system_stm32f10x.o(i.SetSysClock) for SetSysClock
    stm32f10x_adc.o(i.ADC_DeInit) refers to stm32f10x_rcc.o(i.RCC_APB2PeriphResetCmd) for RCC_APB2PeriphResetCmd
    stm32f10x_bkp.o(i.BKP_DeInit) refers to stm32f10x_rcc.o(i.RCC_BackupResetCmd) for RCC_BackupResetCmd
    stm32f10x_can.o(i.CAN_DeInit) refers to stm32f10x_rcc.o(i.RCC_APB1PeriphResetCmd) for RCC_APB1PeriphResetCmd
    stm32f10x_can.o(i.CAN_GetITStatus) refers to stm32f10x_can.o(i.CheckITStatus) for CheckITStatus
    stm32f10x_cec.o(i.CEC_DeInit) refers to stm32f10x_rcc.o(i.RCC_APB1PeriphResetCmd) for RCC_APB1PeriphResetCmd
    stm32f10x_dac.o(i.DAC_DeInit) refers to stm32f10x_rcc.o(i.RCC_APB1PeriphResetCmd) for RCC_APB1PeriphResetCmd
    stm32f10x_flash.o(i.FLASH_EnableWriteProtection) refers to stm32f10x_flash.o(i.FLASH_WaitForLastOperation) for FLASH_WaitForLastOperation
    stm32f10x_flash.o(i.FLASH_EraseAllBank1Pages) refers to stm32f10x_flash.o(i.FLASH_WaitForLastBank1Operation) for FLASH_WaitForLastBank1Operation
    stm32f10x_flash.o(i.FLASH_EraseAllPages) refers to stm32f10x_flash.o(i.FLASH_WaitForLastOperation) for FLASH_WaitForLastOperation
    stm32f10x_flash.o(i.FLASH_EraseOptionBytes) refers to stm32f10x_flash.o(i.FLASH_GetReadOutProtectionStatus) for FLASH_GetReadOutProtectionStatus
[...]
    Removing stm32f10x_tim.o(i.TIM_TimeBaseStructInit), (18 bytes).
    Removing stm32f10x_tim.o(i.TIM_UpdateDisableConfig), (24 bytes).
    Removing stm32f10x_tim.o(i.TIM_UpdateRequestConfig), (24 bytes).
    Removing stm32f10x_usart.o(i.USART_ClearFlag), (18 bytes).
    Removing stm32f10x_usart.o(i.USART_ClearITPendingBit), (30 bytes).
    Removing stm32f10x_usart.o(i.USART_ClockInit), (34 bytes).
    Removing stm32f10x_usart.o(i.USART_ClockStructInit), (12 bytes).
    Removing stm32f10x_usart.o(i.USART_DMACmd), (18 bytes).
    Removing stm32f10x_usart.o(i.USART_DeInit), (156 bytes).
    Removing stm32f10x_usart.o(i.USART_GetITStatus), (84 bytes).
    Removing stm32f10x_usart.o(i.USART_HalfDuplexCmd), (24 bytes).
    Removing stm32f10x_usart.o(i.USART_ITConfig), (74 bytes).
    Removing stm32f10x_usart.o(i.USART_IrDACmd), (24 bytes).
    Removing stm32f10x_usart.o(i.USART_IrDAConfig), (18 bytes).
    Removing stm32f10x_usart.o(i.USART_LINBreakDetectLengthConfig), (18 bytes).
    Removing stm32f10x_usart.o(i.USART_LINCmd), (24 bytes).
    Removing stm32f10x_usart.o(i.USART_OneBitMethodCmd), (24 bytes).
    Removing stm32f10x_usart.o(i.USART_OverSampling8Cmd), (22 bytes).
    Removing stm32f10x_usart.o(i.USART_ReceiveData), (10 bytes).
    Removing stm32f10x_usart.o(i.USART_ReceiverWakeUpCmd), (24 bytes).
    Removing stm32f10x_usart.o(i.USART_SendBreak), (10 bytes).
    Removing stm32f10x_usart.o(i.USART_SetAddress), (18 bytes).
    Removing stm32f10x_usart.o(i.USART_SetGuardTime), (16 bytes).
    Removing stm32f10x_usart.o(i.USART_SetPrescaler), (16 bytes).
    Removing stm32f10x_usart.o(i.USART_SmartCardCmd), (24 bytes).
    Removing stm32f10x_usart.o(i.USART_SmartCardNACKCmd), (24 bytes).
    Removing stm32f10x_usart.o(i.USART_StructInit), (24 bytes).
    Removing stm32f10x_usart.o(i.USART_WakeUpConfig), (18 bytes).
    Removing stm32f10x_wwdg.o(i.WWDG_ClearFlag), (12 bytes).
    Removing stm32f10x_wwdg.o(i.WWDG_DeInit), (22 bytes).
    Removing stm32f10x_wwdg.o(i.WWDG_Enable), (16 bytes).
    Removing stm32f10x_wwdg.o(i.WWDG_EnableIT), (12 bytes).
    Removing stm32f10x_wwdg.o(i.WWDG_GetFlagStatus), (12 bytes).
    Removing stm32f10x_wwdg.o(i.WWDG_SetCounter), (16 bytes).
    Removing stm32f10x_wwdg.o(i.WWDG_SetPrescaler), (24 bytes).
    Removing stm32f10x_wwdg.o(i.WWDG_SetWindowValue), (40 bytes).
    Removing os_core.o(i.OSEventNameGet), (124 bytes).
    Removing os_core.o(i.OSEventNameSet), (104 bytes).
    Removing os_core.o(i.OSEventPendMulti), (728 bytes).
    Removing os_core.o(i.OSSchedLock), (64 bytes).
    Removing os_core.o(i.OSSchedUnlock), (96 bytes).
    Removing os_core.o(i.OSVersion), (6 bytes).
    Removing os_core.o(i.OS_EventTaskRdy), (144 bytes).
    Removing os_core.o(i.OS_EventTaskWait), (124 bytes).
    Removing os_core.o(i.OS_EventTaskWaitMulti), (148 bytes).
    Removing os_core.o(i.OS_EventWaitListInit), (28 bytes).
    Removing os_core.o(i.OS_MemCopy), (20 bytes).
    Removing os_core.o(i.OS_StrLen), (20 bytes).
    Removing os_flag.o(i.OSFlagAccept), (262 bytes).
    Removing os_flag.o(i.OSFlagCreate), (100 bytes).
    Removing os_flag.o(i.OSFlagDel), (236 bytes).
    Removing os_flag.o(i.OSFlagNameGet), (104 bytes).
    Removing os_flag.o(i.OSFlagNameSet), (88 bytes).
    Removing os_flag.o(i.OSFlagPend), (608 bytes).
    Removing os_flag.o(i.OSFlagPendGetFlagsRdy), (32 bytes).
    Removing os_flag.o(i.OSFlagPost), (322 bytes).
    Removing os_flag.o(i.OSFlagQuery), (58 bytes).
    Removing os_flag.o(i.OS_FlagBlock), (164 bytes).
    Removing os_flag.o(i.OS_FlagTaskRdy), (92 bytes).
    Removing os_mbox.o(i.OSMboxAccept), (44 bytes).
    Removing os_mbox.o(i.OSMboxCreate), (84 bytes).
    Removing os_mbox.o(i.OSMboxDel), (232 bytes).
    Removing os_mbox.o(i.OSMboxPend), (276 bytes).
    Removing os_mbox.o(i.OSMboxPendAbort), (138 bytes).
    Removing os_mbox.o(i.OSMboxPost), (92 bytes).
    Removing os_mbox.o(i.OSMboxPostOpt), (132 bytes).
    Removing os_mbox.o(i.OSMboxQuery), (88 bytes).
    Removing os_mem.o(i.OSMemCreate), (168 bytes).
    Removing os_mem.o(i.OSMemGet), (72 bytes).
    Removing os_mem.o(i.OSMemNameGet), (84 bytes).
    Removing os_mem.o(i.OSMemNameSet), (68 bytes).
    Removing os_mem.o(i.OSMemPut), (66 bytes).
    Removing os_mem.o(i.OSMemQuery), (64 bytes).
    Removing os_mutex.o(i.OSMutexAccept), (156 bytes).
    Removing os_mutex.o(i.OSMutexCreate), (168 bytes).
    Removing os_mutex.o(i.OSMutexDel), (300 bytes).
    Removing os_mutex.o(i.OSMutexPend), (580 bytes).
    Removing os_mutex.o(i.OSMutexPost), (204 bytes).
    Removing os_mutex.o(i.OSMutexQuery), (124 bytes).
    Removing os_mutex.o(i.OSMutex_RdyAtPrio), (132 bytes).
    Removing os_q.o(i.OSQAccept), (98 bytes).
    Removing os_q.o(i.OSQCreate), (160 bytes).
    Removing os_q.o(i.OSQDel), (272 bytes).
    Removing os_q.o(i.OSQFlush), (52 bytes).
    Removing os_q.o(i.OSQPend), (300 bytes).
    Removing os_q.o(i.OSQPendAbort), (138 bytes).
    Removing os_q.o(i.OSQPost), (120 bytes).
    Removing os_q.o(i.OSQPostFront), (122 bytes).
    Removing os_q.o(i.OSQPostOpt), (188 bytes).
    Removing os_q.o(i.OSQQuery), (110 bytes).
    Removing os_sem.o(i.OSSemAccept), (48 bytes).
    Removing os_sem.o(i.OSSemCreate), (84 bytes).
    Removing os_sem.o(i.OSSemDel), (232 bytes).
    Removing os_sem.o(i.OSSemPend), (248 bytes).
    Removing os_sem.o(i.OSSemPendAbort), (138 bytes).
    Removing os_sem.o(i.OSSemPost), (94 bytes).
    Removing os_sem.o(i.OSSemQuery), (88 bytes).
    Removing os_sem.o(i.OSSemSet), (74 bytes).
    Removing os_task.o(i.OSTaskChangePrio), (440 bytes).
    Removing os_task.o(i.OSTaskNameGet), (152 bytes).
    Removing os_task.o(i.OSTaskQuery), (108 bytes).
    Removing os_task.o(i.OSTaskRegGet), (96 bytes).
    Removing os_task.o(i.OSTaskRegSet), (92 bytes).
    Removing os_task.o(i.OSTaskResume), (180 bytes).
    Removing os_task.o(i.OS_TaskReturn), (24 bytes).
    Removing os_time.o(i.OSTimeDlyHMSM), (132 bytes).
    Removing os_time.o(i.OSTimeDlyResume), (180 bytes).
    Removing os_time.o(i.OSTimeGet), (28 bytes).
    Removing os_time.o(i.OSTimeSet), (28 bytes).
    Removing os_cpu_c.o(i.OSTaskReturnHook), (2 bytes).

540 unused section(s) (total 29528 bytes) removed from the image.

==============================================================================

Image Symbol Table

    Local Symbols

    Symbol Name                              Value     Ov Type        Size  Object(Section)

    ../clib/angel/boardlib.s                 0x00000000   Number         0  boardinit1.o ABSOLUTE
    ../clib/angel/boardlib.s                 0x00000000   Number         0  boardinit2.o ABSOLUTE
    ../clib/angel/boardlib.s                 0x00000000   Number         0  boardinit3.o ABSOLUTE
    ../clib/angel/boardlib.s                 0x00000000   Number         0  boardshut.o ABSOLUTE
    ../clib/angel/handlers.s                 0x00000000   Number         0  __scatter_copy.o ABSOLUTE
    ../clib/angel/handlers.s                 0x00000000   Number         0  __scatter_zi.o ABSOLUTE
    ../clib/angel/kernel.s                   0x00000000   Number         0  __rtentry4.o ABSOLUTE
    ../clib/angel/kernel.s                   0x00000000   Number         0  rtexit2.o ABSOLUTE
    ../clib/angel/kernel.s                   0x00000000   Number         0  __rtentry.o ABSOLUTE
    ../clib/angel/kernel.s                   0x00000000   Number         0  __rtentry2.o ABSOLUTE
    ../clib/angel/kernel.s                   0x00000000   Number         0  rtexit.o ABSOLUTE
    ../clib/angel/rt.s                       0x00000000   Number         0  rt_raise.o ABSOLUTE
    ../clib/angel/scatter.s                  0x00000000   Number         0  __scatter.o ABSOLUTE
    ../clib/angel/startup.s                  0x00000000   Number         0  __main.o ABSOLUTE
    ../clib/angel/sys.s                      0x00000000   Number         0  use_no_semi_2.o ABSOLUTE
    ../clib/angel/sys.s                      0x00000000   Number         0  use_no_semi.o ABSOLUTE
    ../clib/angel/sys.s                      0x00000000   Number         0  sys_stackheap_outer.o ABSOLUTE
    ../clib/angel/sys.s                      0x00000000   Number         0  libspace.o ABSOLUTE
    ../clib/angel/sys.s                      0x00000000   Number         0  indicate_semi.o ABSOLUTE
    ../clib/angel/sysapp.c                   0x00000000   Number         0  sys_command.o ABSOLUTE
    ../clib/angel/sysapp.c                   0x00000000   Number         0  sys_wrch.o ABSOLUTE
    ../clib/armsys.c                         0x00000000   Number         0  no_argv.o ABSOLUTE
    ../clib/armsys.c                         0x00000000   Number         0  argv_veneer.o ABSOLUTE
    ../clib/armsys.c                         0x00000000   Number         0  argv_veneer.o ABSOLUTE
    ../clib/armsys.c                         0x00000000   Number         0  _get_argv_nomalloc.o ABSOLUTE
    ../clib/heapalloc.c                      0x00000000   Number         0  hrguard.o ABSOLUTE
    ../clib/heapaux.c                        0x00000000   Number         0  heapauxi.o ABSOLUTE
    ../clib/libinit.s                        0x00000000   Number         0  libshutdown2.o ABSOLUTE
    ../clib/libinit.s                        0x00000000   Number         0  libinit.o ABSOLUTE
    ../clib/libinit.s                        0x00000000   Number         0  libshutdown.o ABSOLUTE
    ../clib/libinit.s                        0x00000000   Number         0  libinit2.o ABSOLUTE
    ../clib/printf.c                         0x00000000   Number         0  __printf_flags_wp.o ABSOLUTE
    ../clib/printf.c                         0x00000000   Number         0  __printf_wp.o ABSOLUTE
    ../clib/printf.c                         0x00000000   Number         0  __printf_flags_ss.o ABSOLUTE
    ../clib/printf.c                         0x00000000   Number         0  __printf_ss.o ABSOLUTE
    ../clib/printf.c                         0x00000000   Number         0  _printf_dec.o ABSOLUTE
    ../clib/printf.c                         0x00000000   Number         0  __printf.o ABSOLUTE
    ../clib/printf.c                         0x00000000   Number         0  noretval__2printf.o ABSOLUTE
    ../clib/printf.c                         0x00000000   Number         0  __printf_flags.o ABSOLUTE
    ../clib/printf.c                         0x00000000   Number         0  _printf_intcommon.o ABSOLUTE
    ../clib/printf.c                         0x00000000   Number         0  __2printf.o ABSOLUTE
    ../clib/printf.c                         0x00000000   Number         0  _printf_char_file.o ABSOLUTE
    ../clib/printf.c                         0x00000000   Number         0  __printf_flags_ss_wp.o ABSOLUTE
    ../clib/printf.c                         0x00000000   Number         0  _printf_char_common.o ABSOLUTE
    ../clib/printf.c                         0x00000000   Number         0  __printf_ss_wp.o ABSOLUTE
    ../clib/printf.c                         0x00000000   Number         0  __printf_nopercent.o ABSOLUTE
    ../clib/printf_percent.s                 0x00000000   Number         0  _printf_percent_end.o ABSOLUTE
    ../clib/printf_percent.s                 0x00000000   Number         0  _printf_percent.o ABSOLUTE
    ../clib/printf_percent.s                 0x00000000   Number         0  _printf_d.o ABSOLUTE
    ../clib/signal.c                         0x00000000   Number         0  defsig_fpe_inner.o ABSOLUTE
    ../clib/signal.c                         0x00000000   Number         0  defsig_abrt_inner.o ABSOLUTE
    ../clib/signal.c                         0x00000000   Number         0  defsig_general.o ABSOLUTE
    ../clib/signal.c                         0x00000000   Number         0  __raise.o ABSOLUTE
    ../clib/signal.c                         0x00000000   Number         0  defsig_rtmem_inner.o ABSOLUTE
    ../clib/signal.c                         0x00000000   Number         0  defsig_exit.o ABSOLUTE
    ../clib/signal.c                         0x00000000   Number         0  defsig_rtmem_formal.o ABSOLUTE
    ../clib/signal.c                         0x00000000   Number         0  defsig_rtmem_outer.o ABSOLUTE
    ../clib/signal.c                         0x00000000   Number         0  defsig_other.o ABSOLUTE
    ../clib/signal.c                         0x00000000   Number         0  defsig_segv_inner.o ABSOLUTE
    ../clib/signal.c                         0x00000000   Number         0  defsig_cppl_inner.o ABSOLUTE
    ../clib/signal.c                         0x00000000   Number         0  defsig_pvfn_inner.o ABSOLUTE
    ../clib/signal.c                         0x00000000   Number         0  defsig_stak_inner.o ABSOLUTE
    ../clib/signal.c                         0x00000000   Number         0  defsig_rtred_inner.o ABSOLUTE
    ../clib/signal.s                         0x00000000   Number         0  defsig.o ABSOLUTE
    ../clib/stdio.c                          0x00000000   Number         0  ferror.o ABSOLUTE
    ../clib/stdio.c                          0x00000000   Number         0  ferror_locked.o ABSOLUTE
    ../clib/stdlib.c                         0x00000000   Number         0  exit.o ABSOLUTE
    ../fplib/fpinit.s                        0x00000000   Number         0  fpinit.o ABSOLUTE
    ..\BSP\Src\Sysbsp.c                      0x00000000   Number         0  sysbsp.o ABSOLUTE
    ..\CMSIS\Src\core_cm3.c                  0x00000000   Number         0  core_cm3.o ABSOLUTE
    ..\FWLIB\Src\misc.c                      0x00000000   Number         0  misc.o ABSOLUTE
    ..\FWLIB\Src\stm32f10x_adc.c             0x00000000   Number         0  stm32f10x_adc.o ABSOLUTE
    ..\FWLIB\Src\stm32f10x_bkp.c             0x00000000   Number         0  stm32f10x_bkp.o ABSOLUTE
    ..\FWLIB\Src\stm32f10x_can.c             0x00000000   Number         0  stm32f10x_can.o ABSOLUTE
    ..\FWLIB\Src\stm32f10x_cec.c             0x00000000   Number         0  stm32f10x_cec.o ABSOLUTE
    ..\FWLIB\Src\stm32f10x_crc.c             0x00000000   Number         0  stm32f10x_crc.o ABSOLUTE
    ..\FWLIB\Src\stm32f10x_dac.c             0x00000000   Number         0  stm32f10x_dac.o ABSOLUTE
    ..\FWLIB\Src\stm32f10x_dbgmcu.c          0x00000000   Number         0  stm32f10x_dbgmcu.o ABSOLUTE
    ..\FWLIB\Src\stm32f10x_dma.c             0x00000000   Number         0  stm32f10x_dma.o ABSOLUTE
    ..\FWLIB\Src\stm32f10x_exti.c            0x00000000   Number         0  stm32f10x_exti.o ABSOLUTE
    ..\FWLIB\Src\stm32f10x_flash.c           0x00000000   Number         0  stm32f10x_flash.o ABSOLUTE
    ..\FWLIB\Src\stm32f10x_fsmc.c            0x00000000   Number         0  stm32f10x_fsmc.o ABSOLUTE
    ..\FWLIB\Src\stm32f10x_gpio.c            0x00000000   Number         0  stm32f10x_gpio.o ABSOLUTE
    ..\FWLIB\Src\stm32f10x_i2c.c             0x00000000   Number         0  stm32f10x_i2c.o ABSOLUTE
    ..\FWLIB\Src\stm32f10x_iwdg.c            0x00000000   Number         0  stm32f10x_iwdg.o ABSOLUTE
    ..\FWLIB\Src\stm32f10x_pwr.c             0x00000000   Number         0  stm32f10x_pwr.o ABSOLUTE
    ..\FWLIB\Src\stm32f10x_rcc.c             0x00000000   Number         0  stm32f10x_rcc.o ABSOLUTE
    ..\FWLIB\Src\stm32f10x_rtc.c             0x00000000   Number         0  stm32f10x_rtc.o ABSOLUTE
    ..\FWLIB\Src\stm32f10x_sdio.c            0x00000000   Number         0  stm32f10x_sdio.o ABSOLUTE
    ..\FWLIB\Src\stm32f10x_spi.c             0x00000000   Number         0  stm32f10x_spi.o ABSOLUTE
    ..\FWLIB\Src\stm32f10x_tim.c             0x00000000   Number         0  stm32f10x_tim.o ABSOLUTE
    ..\FWLIB\Src\stm32f10x_usart.c           0x00000000   Number         0  stm32f10x_usart.o ABSOLUTE
    ..\FWLIB\Src\stm32f10x_wwdg.c            0x00000000   Number         0  stm32f10x_wwdg.o ABSOLUTE
    ..\FWLIB\StartUp\startup_stm32f10x_hd.s  0x00000000   Number         0  startup_stm32f10x_hd.o ABSOLUTE
    ..\FWLIB\SystemSrc\system_stm32f10x.c    0x00000000   Number         0  system_stm32f10x.o ABSOLUTE
    ..\Interrupt\Src\stm32f10x_it.c          0x00000000   Number         0  stm32f10x_it.o ABSOLUTE
    ..\System\Src\delay.c                    0x00000000   Number         0  delay.o ABSOLUTE
    ..\System\Src\sys.c                      0x00000000   Number         0  sys.o ABSOLUTE
    ..\System\Src\usart.c                    0x00000000   Number         0  usart.o ABSOLUTE
    ..\UCOSII\Src\os_core.c                  0x00000000   Number         0  os_core.o ABSOLUTE
    ..\UCOSII\Src\os_flag.c                  0x00000000   Number         0  os_flag.o ABSOLUTE
    ..\UCOSII\Src\os_mbox.c                  0x00000000   Number         0  os_mbox.o ABSOLUTE
    ..\UCOSII\Src\os_mem.c                   0x00000000   Number         0  os_mem.o ABSOLUTE
    ..\UCOSII\Src\os_mutex.c                 0x00000000   Number         0  os_mutex.o ABSOLUTE
    ..\UCOSII\Src\os_q.c                     0x00000000   Number         0  os_q.o ABSOLUTE
    ..\UCOSII\Src\os_sem.c                   0x00000000   Number         0  os_sem.o ABSOLUTE
    ..\UCOSII\Src\os_task.c                  0x00000000   Number         0  os_task.o ABSOLUTE
    ..\UCOSII\Src\os_time.c                  0x00000000   Number         0  os_time.o ABSOLUTE
    ..\UCOSII\Src\os_tmr.c                   0x00000000   Number         0  os_tmr.o ABSOLUTE
    ..\UCOSII\user\os_cpu_a.asm              0x00000000   Number         0  os_cpu_a.o ABSOLUTE
    ..\UCOSII\user\os_cpu_c.c                0x00000000   Number         0  os_cpu_c.o ABSOLUTE
    ..\UCOSII\user\os_dbg.c                  0x00000000   Number         0  os_dbg.o ABSOLUTE
    ..\\CMSIS\\Src\\core_cm3.c               0x00000000   Number         0  core_cm3.o ABSOLUTE
    ..\task\Src\task.c                       0x00000000   Number         0  task.o ABSOLUTE
    dc.s                                     0x00000000   Number         0  dc.o ABSOLUTE
    main.c                                   0x00000000   Number         0  main.o ABSOLUTE
    RESET                                    0x08000000   Section      304  startup_stm32f10x_hd.o(RESET)
    !!!main                                  0x08000130   Section        8  __main.o(!!!main)
    !!!scatter                               0x08000138   Section       52  __scatter.o(!!!scatter)
    !!handler_copy                           0x0800016c   Section       26  __scatter_copy.o(!!handler_copy)
    !!handler_zi                             0x08000188   Section       28  __scatter_zi.o(!!handler_zi)
    .ARM.Collect$$_printf_percent$$00000000  0x080001a4   Section        0  _printf_percent.o(.ARM.Collect$$_printf_percent$$00000000)
    .ARM.Collect$$_printf_percent$$00000009  0x080001a4   Section        6  _printf_d.o(.ARM.Collect$$_printf_percent$$00000009)
    .ARM.Collect$$_printf_percent$$00000017  0x080001aa   Section        4  _printf_percent_end.o(.ARM.Collect$$_printf_percent$$00000017)
    .ARM.Collect$$libinit$$00000000          0x080001ae   Section        2  libinit.o(.ARM.Collect$$libinit$$00000000)
    .ARM.Collect$$libinit$$00000002          0x080001b0   Section        0  libinit2.o(.ARM.Collect$$libinit$$00000002)
    .ARM.Collect$$libinit$$00000004          0x080001b0   Section        0  libinit2.o(.ARM.Collect$$libinit$$00000004)
    .ARM.Collect$$libinit$$0000000A          0x080001b0   Section        0  libinit2.o(.ARM.Collect$$libinit$$0000000A)
    .ARM.Collect$$libinit$$0000000C          0x080001b0   Section        0  libinit2.o(.ARM.Collect$$libinit$$0000000C)
    .ARM.Collect$$libinit$$0000000E          0x080001b0   Section        0  libinit2.o(.ARM.Collect$$libinit$$0000000E)
    .ARM.Collect$$libinit$$00000011          0x080001b0   Section        0  libinit2.o(.ARM.Collect$$libinit$$00000011)
    .ARM.Collect$$libinit$$00000013          0x080001b0   Section        0  libinit2.o(.ARM.Collect$$libinit$$00000013)
    .ARM.Collect$$libinit$$00000015          0x080001b0   Section        0  libinit2.o(.ARM.Collect$$libinit$$00000015)
    .ARM.Collect$$libinit$$00000017          0x080001b0   Section        0  libinit2.o(.ARM.Collect$$libinit$$00000017)
    .ARM.Collect$$libinit$$00000019          0x080001b0   Section        0  libinit2.o(.ARM.Collect$$libinit$$00000019)
    .ARM.Collect$$libinit$$0000001B          0x080001b0   Section        0  libinit2.o(.ARM.Collect$$libinit$$0000001B)
    .ARM.Collect$$libinit$$0000001D          0x080001b0   Section        0  libinit2.o(.ARM.Collect$$libinit$$0000001D)
    .ARM.Collect$$libinit$$0000001F          0x080001b0   Section        0  libinit2.o(.ARM.Collect$$libinit$$0000001F)
    .ARM.Collect$$libinit$$00000021          0x080001b0   Section        0  libinit2.o(.ARM.Collect$$libinit$$00000021)
    .ARM.Collect$$libinit$$00000023          0x080001b0   Section        0  libinit2.o(.ARM.Collect$$libinit$$00000023)
    .ARM.Collect$$libinit$$00000025          0x080001b0   Section        0  libinit2.o(.ARM.Collect$$libinit$$00000025)
    .ARM.Collect$$libinit$$0000002C          0x080001b0   Section        0  libinit2.o(.ARM.Collect$$libinit$$0000002C)
    .ARM.Collect$$libinit$$0000002E          0x080001b0   Section        0  libinit2.o(.ARM.Collect$$libinit$$0000002E)
    .ARM.Collect$$libinit$$00000030          0x080001b0   Section        0  libinit2.o(.ARM.Collect$$libinit$$00000030)
    .ARM.Collect$$libinit$$00000032          0x080001b0   Section        0  libinit2.o(.ARM.Collect$$libinit$$00000032)
    .ARM.Collect$$libinit$$00000033          0x080001b0   Section        2  libinit2.o(.ARM.Collect$$libinit$$00000033)
    .ARM.Collect$$libshutdown$$00000000      0x080001b2   Section        2  libshutdown.o(.ARM.Collect$$libshutdown$$00000000)
    .ARM.Collect$$libshutdown$$00000002      0x080001b4   Section        0  libshutdown2.o(.ARM.Collect$$libshutdown$$00000002)
    .ARM.Collect$$libshutdown$$00000004      0x080001b4   Section        0  libshutdown2.o(.ARM.Collect$$libshutdown$$00000004)
    .ARM.Collect$$libshutdown$$00000007      0x080001b4   Section        0  libshutdown2.o(.ARM.Collect$$libshutdown$$00000007)
    .ARM.Collect$$libshutdown$$0000000A      0x080001b4   Section        0  libshutdown2.o(.ARM.Collect$$libshutdown$$0000000A)
    .ARM.Collect$$libshutdown$$0000000C      0x080001b4   Section        0  libshutdown2.o(.ARM.Collect$$libshutdown$$0000000C)
    .ARM.Collect$$libshutdown$$0000000F      0x080001b4   Section        0  libshutdown2.o(.ARM.Collect$$libshutdown$$0000000F)
    .ARM.Collect$$libshutdown$$00000010      0x080001b4   Section        2  libshutdown2.o(.ARM.Collect$$libshutdown$$00000010)
    .ARM.Collect$$rtentry$$00000000          0x080001b6   Section        0  __rtentry.o(.ARM.Collect$$rtentry$$00000000)
    .ARM.Collect$$rtentry$$00000002          0x080001b6   Section        0  __rtentry2.o(.ARM.Collect$$rtentry$$00000002)
    .ARM.Collect$$rtentry$$00000004          0x080001b6   Section        6  __rtentry4.o(.ARM.Collect$$rtentry$$00000004)
    .ARM.Collect$$rtentry$$00000009          0x080001bc   Section        0  __rtentry2.o(.ARM.Collect$$rtentry$$00000009)
    .ARM.Collect$$rtentry$$0000000A          0x080001bc   Section        4  __rtentry2.o(.ARM.Collect$$rtentry$$0000000A)
    .ARM.Collect$$rtentry$$0000000C          0x080001c0   Section        0  __rtentry2.o(.ARM.Collect$$rtentry$$0000000C)
    .ARM.Collect$$rtentry$$0000000D          0x080001c0   Section        8  __rtentry2.o(.ARM.Collect$$rtentry$$0000000D)
    .ARM.Collect$$rtexit$$00000000           0x080001c8   Section        2  rtexit.o(.ARM.Collect$$rtexit$$00000000)
    .ARM.Collect$$rtexit$$00000002           0x080001ca   Section        0  rtexit2.o(.ARM.Collect$$rtexit$$00000002)
    .ARM.Collect$$rtexit$$00000003           0x080001ca   Section        4  rtexit2.o(.ARM.Collect$$rtexit$$00000003)
    .ARM.Collect$$rtexit$$00000004           0x080001ce   Section        6  rtexit2.o(.ARM.Collect$$rtexit$$00000004)
    .text                                    0x080001d4   Section       64  startup_stm32f10x_hd.o(.text)
    .text                                    0x08000214   Section      168  os_cpu_a.o(.text)
    .text                                    0x080002bc   Section        2  use_no_semi_2.o(.text)
    .text                                    0x080002c0   Section        0  noretval__2printf.o(.text)
    .text                                    0x080002d8   Section        0  __printf.o(.text)
    .text                                    0x08000340   Section        0  _printf_dec.o(.text)
    .text                                    0x080003b8   Section        0  heapauxi.o(.text)
    .text                                    0x080003be   Section        2  use_no_semi.o(.text)
    .text                                    0x080003c0   Section        0  _printf_intcommon.o(.text)
    .text                                    0x08000474   Section        0  _printf_char_file.o(.text)
    .text                                    0x08000498   Section        0  _printf_char_common.o(.text)
    _printf_input_char                       0x08000499   Thumb Code    10  _printf_char_common.o(.text)
    .text                                    0x080004c8   Section        0  ferror.o(.text)
    .text                                    0x080004d0   Section       74  sys_stackheap_outer.o(.text)
    .text                                    0x0800051a   Section        0  exit.o(.text)
    .text                                    0x0800052c   Section        8  libspace.o(.text)
    i.BusFault_Handler                       0x08000534   Section        0  stm32f10x_it.o(i.BusFault_Handler)
    i.DebugMon_Handler                       0x08000538   Section        0  stm32f10x_it.o(i.DebugMon_Handler)
    i.Delay1ms                               0x0800053c   Section        0  delay.o(i.Delay1ms)
    i.Delay1us                               0x08000584   Section        0  delay.o(i.Delay1us)
    i.EXTI15_10_IRQHandler                   0x080005cc   Section        0  stm32f10x_it.o(i.EXTI15_10_IRQHandler)
    i.GPIO_Init                              0x080005ce   Section        0  stm32f10x_gpio.o(i.GPIO_Init)
    i.HardFault_Handler                      0x080006e4   Section        0  stm32f10x_it.o(i.HardFault_Handler)
    i.MemManage_Handler                      0x080006e8   Section        0  stm32f10x_it.o(i.MemManage_Handler)
    i.NMI_Handler                            0x080006ec   Section        0  stm32f10x_it.o(i.NMI_Handler)
    i.NVIC_PriorityGroupConfig               0x080006f0   Section        0  misc.o(i.NVIC_PriorityGroupConfig)
    i.OSDebugInit                            0x08000704   Section        0  os_dbg.o(i.OSDebugInit)
    i.OSInit                                 0x0800081c   Section        0  os_core.o(i.OSInit)
    i.OSInitHookBegin                        0x08000850   Section        0  os_cpu_c.o(i.OSInitHookBegin)
    i.OSInitHookEnd                          0x08000852   Section        0  os_cpu_c.o(i.OSInitHookEnd)
    i.OSIntEnter                             0x08000854   Section        0  os_core.o(i.OSIntEnter)
    i.OSIntExit                              0x08000878   Section        0  os_core.o(i.OSIntExit)
    i.OSStart                                0x08000908   Section        0  os_core.o(i.OSStart)
    i.OSStatInit                             0x08000950   Section        0  os_core.o(i.OSStatInit)
    i.OSTCBInitHook                          0x0800099c   Section        0  os_cpu_c.o(i.OSTCBInitHook)
    i.OSTaskCreate                           0x080009a0   Section        0  os_task.o(i.OSTaskCreate)
    i.OSTaskCreateExt                        0x08000a48   Section        0  os_task.o(i.OSTaskCreateExt)
    i.OSTaskCreateHook                       0x08000b08   Section        0  os_cpu_c.o(i.OSTaskCreateHook)
    i.OSTaskDel                              0x08000b0c   Section        0  os_task.o(i.OSTaskDel)
    i.OSTaskDelHook                          0x08000c78   Section        0  os_cpu_c.o(i.OSTaskDelHook)
    i.OSTaskDelReq                           0x08000c7c   Section        0  os_task.o(i.OSTaskDelReq)
    i.OSTaskIdleHook                         0x08000cf4   Section        0  os_cpu_c.o(i.OSTaskIdleHook)
    i.OSTaskNameSet                          0x08000cf8   Section        0  os_task.o(i.OSTaskNameSet)
    i.OSTaskStatHook                         0x08000d7c   Section        0  os_cpu_c.o(i.OSTaskStatHook)
    i.OSTaskStkChk                           0x08000d80   Section        0  os_task.o(i.OSTaskStkChk)
    i.OSTaskStkInit                          0x08000e20   Section        0  os_cpu_c.o(i.OSTaskStkInit)
    i.OSTaskSuspend                          0x08000ebc   Section        0  os_task.o(i.OSTaskSuspend)
    i.OSTaskSwHook                           0x08000f78   Section        0  os_cpu_c.o(i.OSTaskSwHook)
    i.OSTimeDly                              0x08000f7c   Section        0  os_time.o(i.OSTimeDly)
    i.OSTimeTick                             0x08000ff4   Section        0  os_core.o(i.OSTimeTick)
    i.OSTimeTickHook                         0x080010e0   Section        0  os_cpu_c.o(i.OSTimeTickHook)
    i.OS_Dummy                               0x080010e2   Section        0  os_core.o(i.OS_Dummy)
    i.OS_EventTaskRemove                     0x080010e4   Section        0  os_core.o(i.OS_EventTaskRemove)
    i.OS_EventTaskRemoveMulti                0x0800110e   Section        0  os_core.o(i.OS_EventTaskRemoveMulti)
    i.OS_FlagInit                            0x08001148   Section        0  os_flag.o(i.OS_FlagInit)
    i.OS_FlagUnlink                          0x080011a0   Section        0  os_flag.o(i.OS_FlagUnlink)
    i.OS_InitEventList                       0x080011c4   Section        0  os_core.o(i.OS_InitEventList)
    OS_InitEventList                         0x080011c5   Thumb Code    84  os_core.o(i.OS_InitEventList)
    i.OS_InitMisc                            0x08001224   Section        0  os_core.o(i.OS_InitMisc)
    OS_InitMisc                              0x08001225   Thumb Code    44  os_core.o(i.OS_InitMisc)
    i.OS_InitRdyList                         0x08001278   Section        0  os_core.o(i.OS_InitRdyList)
    OS_InitRdyList                           0x08001279   Thumb Code    44  os_core.o(i.OS_InitRdyList)
    i.OS_InitTCBList                         0x080012bc   Section        0  os_core.o(i.OS_InitTCBList)
    OS_InitTCBList                           0x080012bd   Thumb Code   106  os_core.o(i.OS_InitTCBList)
    i.OS_InitTaskIdle                        0x0800133c   Section        0  os_core.o(i.OS_InitTaskIdle)
    OS_InitTaskIdle                          0x0800133d   Thumb Code    50  os_core.o(i.OS_InitTaskIdle)
    i.OS_InitTaskStat                        0x0800138c   Section        0  os_core.o(i.OS_InitTaskStat)
    OS_InitTaskStat                          0x0800138d   Thumb Code    50  os_core.o(i.OS_InitTaskStat)
    i.OS_MemClr                              0x080013dc   Section        0  os_core.o(i.OS_MemClr)
    i.OS_MemInit                             0x080013f0   Section        0  os_mem.o(i.OS_MemInit)
    i.OS_QInit                               0x08001448   Section        0  os_q.o(i.OS_QInit)
    i.OS_Sched                               0x08001498   Section        0  os_core.o(i.OS_Sched)
    i.OS_SchedNew                            0x0800150c   Section        0  os_core.o(i.OS_SchedNew)
    OS_SchedNew                              0x0800150d   Thumb Code    26  os_core.o(i.OS_SchedNew)
    i.OS_TCBInit                             0x08001538   Section        0  os_core.o(i.OS_TCBInit)
    i.OS_TaskIdle                            0x0800166c   Section        0  os_core.o(i.OS_TaskIdle)
    i.OS_TaskStat                            0x08001694   Section        0  os_core.o(i.OS_TaskStat)
    i.OS_TaskStatStkChk                      0x0800171c   Section        0  os_core.o(i.OS_TaskStatStkChk)
    i.OS_TaskStkClr                          0x08001758   Section        0  os_task.o(i.OS_TaskStkClr)
    i.RCC_APB2PeriphClockCmd                 0x08001774   Section        0  stm32f10x_rcc.o(i.RCC_APB2PeriphClockCmd)
    i.RCC_GetClocksFreq                      0x08001794   Section        0  stm32f10x_rcc.o(i.RCC_GetClocksFreq)
    i.SVC_Handler                            0x08001868   Section        0  stm32f10x_it.o(i.SVC_Handler)
    i.SYSBSP_Init                            0x0800186a   Section        0  sysbsp.o(i.SYSBSP_Init)
    i.SetSysClock                            0x08001874   Section        0  system_stm32f10x.o(i.SetSysClock)
    SetSysClock                              0x08001875   Thumb Code     8  system_stm32f10x.o(i.SetSysClock)
    i.SetSysClockTo72                        0x0800187c   Section        0  system_stm32f10x.o(i.SetSysClockTo72)
    SetSysClockTo72                          0x0800187d   Thumb Code   214  system_stm32f10x.o(i.SetSysClockTo72)
    i.SysTick_Handler                        0x0800195c   Section        0  stm32f10x_it.o(i.SysTick_Handler)
    i.SystemInit                             0x0800196c   Section        0  system_stm32f10x.o(i.SystemInit)
    i.Systick_Init                           0x080019cc   Section        0  sys.o(i.Systick_Init)
    i.USART1_Configuration                   0x08001a2c   Section        0  usart.o(i.USART1_Configuration)
    i.USART_Cmd                              0x08001abc   Section        0  stm32f10x_usart.o(i.USART_Cmd)
    i.USART_GetFlagStatus                    0x08001ad4   Section        0  stm32f10x_usart.o(i.USART_GetFlagStatus)
    i.USART_Init                             0x08001af0   Section        0  stm32f10x_usart.o(i.USART_Init)
    i.USART_SendData                         0x08001bc8   Section        0  stm32f10x_usart.o(i.USART_SendData)
    i.UsageFault_Handler                     0x08001bd0   Section        0  stm32f10x_it.o(i.UsageFault_Handler)
    i._sys_exit                              0x08001bd4   Section        0  usart.o(i._sys_exit)
    i.fputc                                  0x08001bd8   Section        0  usart.o(i.fputc)
    i.main                                   0x08001bfc   Section        0  main.o(i.main)
    i.start_task                             0x08001c28   Section        0  task.o(i.start_task)
    i.usart1_task                            0x08001cc8   Section        0  task.o(i.usart1_task)
    .constdata                               0x08001cfc   Section      256  os_core.o(.constdata)
    .constdata                               0x08001dfc   Section      116  os_dbg.o(.constdata)
    .data                                    0x20000000   Section        4  sys.o(.data)
    .data                                    0x20000004   Section        4  usart.o(.data)
    .data                                    0x20000008   Section       20  system_stm32f10x.o(.data)
    .data                                    0x2000001c   Section       20  stm32f10x_rcc.o(.data)
    APBAHBPrescTable                         0x2000001c   Data          16  stm32f10x_rcc.o(.data)
    ADCPrescTable                            0x2000002c   Data           4  stm32f10x_rcc.o(.data)
    .data                                    0x20000030   Section       76  os_core.o(.data)
    .bss                                     0x20000080   Section     1024  task.o(.bss)
    .bss                                     0x20000480   Section     3896  os_core.o(.bss)
    .bss                                     0x200013b8   Section       96  libspace.o(.bss)
    HEAP                                     0x20001418   Section      512  startup_stm32f10x_hd.o(HEAP)
    Heap_Mem                                 0x20001418   Data         512  startup_stm32f10x_hd.o(HEAP)
    STACK                                    0x20001618   Section     3072  startup_stm32f10x_hd.o(STACK)
    Stack_Mem                                0x20001618   Data        3072  startup_stm32f10x_hd.o(STACK)
    __initial_sp                             0x20002218   Data           0  startup_stm32f10x_hd.o(STACK)

    Global Symbols

    Symbol Name                              Value     Ov Type        Size  Object(Section)

    BuildAttributes$$THM_ISAv4$P$D$K$B$S$PE$A:L22UL41UL21$X:L11$S22US41US21$IEEE1$IW$USESV6$~STKCKD$USESV7$~SHL$OSPACE$ROPI$EBA8$UX$STANDARDLIB$REQ8$PRES8$EABIv2 0x00000000   Number         0  anon$$obj.o ABSOLUTE
    __ARM_use_no_argv                        0x00000000   Number         0  main.o ABSOLUTE
    __ARM_exceptions_init                     - Undefined Weak Reference
    __alloca_initialize                       - Undefined Weak Reference
    __arm_preinit_                            - Undefined Weak Reference
    __cpp_initialize__aeabi_                  - Undefined Weak Reference
    __cxa_finalize                            - Undefined Weak Reference
    __rt_locale                               - Undefined Weak Reference
    __sigvec_lookup                           - Undefined Weak Reference
    _atexit_init                              - Undefined Weak Reference
    _call_atexit_fns                          - Undefined Weak Reference
    _clock_init                               - Undefined Weak Reference
    _fp_trap_init                             - Undefined Weak Reference
    _fp_trap_shutdown                         - Undefined Weak Reference
    _get_lc_collate                           - Undefined Weak Reference
    _get_lc_ctype                             - Undefined Weak Reference
    _get_lc_monetary                          - Undefined Weak Reference
    _get_lc_numeric                           - Undefined Weak Reference
    _get_lc_time                              - Undefined Weak Reference
    _getenv_init                              - Undefined Weak Reference
    _handle_redirection                       - Undefined Weak Reference
    _init_alloc                               - Undefined Weak Reference
    _init_user_alloc                          - Undefined Weak Reference
    _initio                                   - Undefined Weak Reference
    _mutex_acquire                            - Undefined Weak Reference
    _mutex_release                            - Undefined Weak Reference
    _printf_post_padding                      - Undefined Weak Reference
    _printf_pre_padding                       - Undefined Weak Reference
    _printf_truncate_signed                   - Undefined Weak Reference
    _printf_truncate_unsigned                 - Undefined Weak Reference
    _rand_init                                - Undefined Weak Reference
    _signal_finish                            - Undefined Weak Reference
    _signal_init                              - Undefined Weak Reference
    _terminate_alloc                          - Undefined Weak Reference
    _terminate_user_alloc                     - Undefined Weak Reference
    _terminateio                              - Undefined Weak Reference
    __Vectors_Size                           0x00000130   Number         0  startup_stm32f10x_hd.o ABSOLUTE
    __Vectors                                0x08000000   Data           4  startup_stm32f10x_hd.o(RESET)
    __Vectors_End                            0x08000130   Data           0  startup_stm32f10x_hd.o(RESET)
    __main                                   0x08000131   Thumb Code     8  __main.o(!!!main)
    __scatterload                            0x08000139   Thumb Code     0  __scatter.o(!!!scatter)
    __scatterload_rt2                        0x08000139   Thumb Code    44  __scatter.o(!!!scatter)
    __scatterload_rt2_thumb_only             0x08000139   Thumb Code     0  __scatter.o(!!!scatter)
    __scatterload_null                       0x08000147   Thumb Code     0  __scatter.o(!!!scatter)
    __scatterload_copy                       0x0800016d   Thumb Code    26  __scatter_copy.o(!!handler_copy)
    __scatterload_zeroinit                   0x08000189   Thumb Code    28  __scatter_zi.o(!!handler_zi)
    _printf_d                                0x080001a5   Thumb Code     0  _printf_d.o(.ARM.Collect$$_printf_percent$$00000009)
    _printf_percent                          0x080001a5   Thumb Code     0  _printf_percent.o(.ARM.Collect$$_printf_percent$$00000000)
    _printf_percent_end                      0x080001ab   Thumb Code     0  _printf_percent_end.o(.ARM.Collect$$_printf_percent$$00000017)
    __rt_lib_init                            0x080001af   Thumb Code     0  libinit.o(.ARM.Collect$$libinit$$00000000)
    __rt_lib_init_alloca_1                   0x080001b1   Thumb Code     0  libinit2.o(.ARM.Collect$$libinit$$0000002E)
    __rt_lib_init_argv_1                     0x080001b1   Thumb Code     0  libinit2.o(.ARM.Collect$$libinit$$0000002C)
    __rt_lib_init_atexit_1                   0x080001b1   Thumb Code     0  libinit2.o(.ARM.Collect$$libinit$$0000001B)
    __rt_lib_init_clock_1                    0x080001b1   Thumb Code     0  libinit2.o(.ARM.Collect$$libinit$$00000021)
    __rt_lib_init_cpp_1                      0x080001b1   Thumb Code     0  libinit2.o(.ARM.Collect$$libinit$$00000032)
    __rt_lib_init_exceptions_1               0x080001b1   Thumb Code     0  libinit2.o(.ARM.Collect$$libinit$$00000030)
    __rt_lib_init_fp_1                       0x080001b1   Thumb Code     0  libinit2.o(.ARM.Collect$$libinit$$00000002)
    __rt_lib_init_fp_trap_1                  0x080001b1   Thumb Code     0  libinit2.o(.ARM.Collect$$libinit$$0000001F)
    __rt_lib_init_getenv_1                   0x080001b1   Thumb Code     0  libinit2.o(.ARM.Collect$$libinit$$00000023)
    __rt_lib_init_heap_1                     0x080001b1   Thumb Code     0  libinit2.o(.ARM.Collect$$libinit$$0000000A)
    __rt_lib_init_lc_collate_1               0x080001b1   Thumb Code     0  libinit2.o(.ARM.Collect$$libinit$$00000011)
    __rt_lib_init_lc_ctype_1                 0x080001b1   Thumb Code     0  libinit2.o(.ARM.Collect$$libinit$$00000013)
    __rt_lib_init_lc_monetary_1              0x080001b1   Thumb Code     0  libinit2.o(.ARM.Collect$$libinit$$00000015)
    __rt_lib_init_lc_numeric_1               0x080001b1   Thumb Code     0  libinit2.o(.ARM.Collect$$libinit$$00000017)
    __rt_lib_init_lc_time_1                  0x080001b1   Thumb Code     0  libinit2.o(.ARM.Collect$$libinit$$00000019)
    __rt_lib_init_preinit_1                  0x080001b1   Thumb Code     0  libinit2.o(.ARM.Collect$$libinit$$00000004)
    __rt_lib_init_rand_1                     0x080001b1   Thumb Code     0  libinit2.o(.ARM.Collect$$libinit$$0000000E)
    __rt_lib_init_return                     0x080001b1   Thumb Code     0  libinit2.o(.ARM.Collect$$libinit$$00000033)
    __rt_lib_init_signal_1                   0x080001b1   Thumb Code     0  libinit2.o(.ARM.Collect$$libinit$$0000001D)
    __rt_lib_init_stdio_1                    0x080001b1   Thumb Code     0  libinit2.o(.ARM.Collect$$libinit$$00000025)
    __rt_lib_init_user_alloc_1               0x080001b1   Thumb Code     0  libinit2.o(.ARM.Collect$$libinit$$0000000C)
    __rt_lib_shutdown                        0x080001b3   Thumb Code     0  libshutdown.o(.ARM.Collect$$libshutdown$$00000000)
    __rt_lib_shutdown_cpp_1                  0x080001b5   Thumb Code     0  libshutdown2.o(.ARM.Collect$$libshutdown$$00000002)
    __rt_lib_shutdown_fp_trap_1              0x080001b5   Thumb Code     0  libshutdown2.o(.ARM.Collect$$libshutdown$$00000007)
    __rt_lib_shutdown_heap_1                 0x080001b5   Thumb Code     0  libshutdown2.o(.ARM.Collect$$libshutdown$$0000000F)
    __rt_lib_shutdown_return                 0x080001b5   Thumb Code     0  libshutdown2.o(.ARM.Collect$$libshutdown$$00000010)
    __rt_lib_shutdown_signal_1               0x080001b5   Thumb Code     0  libshutdown2.o(.ARM.Collect$$libshutdown$$0000000A)
    __rt_lib_shutdown_stdio_1                0x080001b5   Thumb Code     0  libshutdown2.o(.ARM.Collect$$libshutdown$$00000004)
    __rt_lib_shutdown_user_alloc_1           0x080001b5   Thumb Code     0  libshutdown2.o(.ARM.Collect$$libshutdown$$0000000C)
    __rt_entry                               0x080001b7   Thumb Code     0  __rtentry.o(.ARM.Collect$$rtentry$$00000000)
    __rt_entry_presh_1                       0x080001b7   Thumb Code     0  __rtentry2.o(.ARM.Collect$$rtentry$$00000002)
    __rt_entry_sh                            0x080001b7   Thumb Code     0  __rtentry4.o(.ARM.Collect$$rtentry$$00000004)
    __rt_entry_li                            0x080001bd   Thumb Code     0  __rtentry2.o(.ARM.Collect$$rtentry$$0000000A)
    __rt_entry_postsh_1                      0x080001bd   Thumb Code     0  __rtentry2.o(.ARM.Collect$$rtentry$$00000009)
    __rt_entry_main                          0x080001c1   Thumb Code     0  __rtentry2.o(.ARM.Collect$$rtentry$$0000000D)
    __rt_entry_postli_1                      0x080001c1   Thumb Code     0  __rtentry2.o(.ARM.Collect$$rtentry$$0000000C)
    __rt_exit                                0x080001c9   Thumb Code     0  rtexit.o(.ARM.Collect$$rtexit$$00000000)
    __rt_exit_ls                             0x080001cb   Thumb Code     0  rtexit2.o(.ARM.Collect$$rtexit$$00000003)
    __rt_exit_prels_1                        0x080001cb   Thumb Code     0  rtexit2.o(.ARM.Collect$$rtexit$$00000002)
    __rt_exit_exit                           0x080001cf   Thumb Code     0  rtexit2.o(.ARM.Collect$$rtexit$$00000004)
    Reset_Handler                            0x080001d5   Thumb Code     8  startup_stm32f10x_hd.o(.text)
    ADC1_2_IRQHandler                        0x080001ef   Thumb Code     0  startup_stm32f10x_hd.o(.text)
    ADC3_IRQHandler                          0x080001ef   Thumb Code     0  startup_stm32f10x_hd.o(.text)
    CAN1_RX1_IRQHandler                      0x080001ef   Thumb Code     0  startup_stm32f10x_hd.o(.text)
    CAN1_SCE_IRQHandler                      0x080001ef   Thumb Code     0  startup_stm32f10x_hd.o(.text)
    DMA1_Channel1_IRQHandler                 0x080001ef   Thumb Code     0  startup_stm32f10x_hd.o(.text)
    DMA1_Channel2_IRQHandler                 0x080001ef   Thumb Code     0  startup_stm32f10x_hd.o(.text)
    DMA1_Channel3_IRQHandler                 0x080001ef   Thumb Code     0  startup_stm32f10x_hd.o(.text)
    DMA1_Channel4_IRQHandler                 0x080001ef   Thumb Code     0  startup_stm32f10x_hd.o(.text)
    DMA1_Channel5_IRQHandler                 0x080001ef   Thumb Code     0  startup_stm32f10x_hd.o(.text)
    DMA1_Channel6_IRQHandler                 0x080001ef   Thumb Code     0  startup_stm32f10x_hd.o(.text)
    DMA1_Channel7_IRQHandler                 0x080001ef   Thumb Code     0  startup_stm32f10x_hd.o(.text)
    DMA2_Channel1_IRQHandler                 0x080001ef   Thumb Code     0  startup_stm32f10x_hd.o(.text)
    DMA2_Channel2_IRQHandler                 0x080001ef   Thumb Code     0  startup_stm32f10x_hd.o(.text)
    DMA2_Channel3_IRQHandler                 0x080001ef   Thumb Code     0  startup_stm32f10x_hd.o(.text)
    DMA2_Channel4_5_IRQHandler               0x080001ef   Thumb Code     0  startup_stm32f10x_hd.o(.text)
    EXTI0_IRQHandler                         0x080001ef   Thumb Code     0  startup_stm32f10x_hd.o(.text)
    EXTI1_IRQHandler                         0x080001ef   Thumb Code     0  startup_stm32f10x_hd.o(.text)
    EXTI2_IRQHandler                         0x080001ef   Thumb Code     0  startup_stm32f10x_hd.o(.text)
    EXTI3_IRQHandler                         0x080001ef   Thumb Code     0  startup_stm32f10x_hd.o(.text)
    EXTI4_IRQHandler                         0x080001ef   Thumb Code     0  startup_stm32f10x_hd.o(.text)
    EXTI9_5_IRQHandler                       0x080001ef   Thumb Code     0  startup_stm32f10x_hd.o(.text)
    FLASH_IRQHandler                         0x080001ef   Thumb Code     0  startup_stm32f10x_hd.o(.text)
    FSMC_IRQHandler                          0x080001ef   Thumb Code     0  startup_stm32f10x_hd.o(.text)
    I2C1_ER_IRQHandler                       0x080001ef   Thumb Code     0  startup_stm32f10x_hd.o(.text)
    I2C1_EV_IRQHandler                       0x080001ef   Thumb Code     0  startup_stm32f10x_hd.o(.text)
    I2C2_ER_IRQHandler                       0x080001ef   Thumb Code     0  startup_stm32f10x_hd.o(.text)
    I2C2_EV_IRQHandler                       0x080001ef   Thumb Code     0  startup_stm32f10x_hd.o(.text)
    PVD_IRQHandler                           0x080001ef   Thumb Code     0  startup_stm32f10x_hd.o(.text)
    RCC_IRQHandler                           0x080001ef   Thumb Code     0  startup_stm32f10x_hd.o(.text)
    RTCAlarm_IRQHandler                      0x080001ef   Thumb Code     0  startup_stm32f10x_hd.o(.text)
    RTC_IRQHandler                           0x080001ef   Thumb Code     0  startup_stm32f10x_hd.o(.text)
    SDIO_IRQHandler                          0x080001ef   Thumb Code     0  startup_stm32f10x_hd.o(.text)
    SPI1_IRQHandler                          0x080001ef   Thumb Code     0  startup_stm32f10x_hd.o(.text)
    SPI2_IRQHandler                          0x080001ef   Thumb Code     0  startup_stm32f10x_hd.o(.text)
    SPI3_IRQHandler                          0x080001ef   Thumb Code     0  startup_stm32f10x_hd.o(.text)
    TAMPER_IRQHandler                        0x080001ef   Thumb Code     0  startup_stm32f10x_hd.o(.text)
    TIM1_BRK_IRQHandler                      0x080001ef   Thumb Code     0  startup_stm32f10x_hd.o(.text)
    TIM1_CC_IRQHandler                       0x080001ef   Thumb Code     0  startup_stm32f10x_hd.o(.text)
    TIM1_TRG_COM_IRQHandler                  0x080001ef   Thumb Code     0  startup_stm32f10x_hd.o(.text)
    TIM1_UP_IRQHandler                       0x080001ef   Thumb Code     0  startup_stm32f10x_hd.o(.text)
    TIM2_IRQHandler                          0x080001ef   Thumb Code     0  startup_stm32f10x_hd.o(.text)
    TIM3_IRQHandler                          0x080001ef   Thumb Code     0  startup_stm32f10x_hd.o(.text)
    TIM4_IRQHandler                          0x080001ef   Thumb Code     0  startup_stm32f10x_hd.o(.text)
    TIM5_IRQHandler                          0x080001ef   Thumb Code     0  startup_stm32f10x_hd.o(.text)
    TIM6_IRQHandler                          0x080001ef   Thumb Code     0  startup_stm32f10x_hd.o(.text)
    TIM7_IRQHandler                          0x080001ef   Thumb Code     0  startup_stm32f10x_hd.o(.text)
    TIM8_BRK_IRQHandler                      0x080001ef   Thumb Code     0  startup_stm32f10x_hd.o(.text)
    TIM8_CC_IRQHandler                       0x080001ef   Thumb Code     0  startup_stm32f10x_hd.o(.text)
    TIM8_TRG_COM_IRQHandler                  0x080001ef   Thumb Code     0  startup_stm32f10x_hd.o(.text)
    TIM8_UP_IRQHandler                       0x080001ef   Thumb Code     0  startup_stm32f10x_hd.o(.text)
    UART4_IRQHandler                         0x080001ef   Thumb Code     0  startup_stm32f10x_hd.o(.text)
    UART5_IRQHandler                         0x080001ef   Thumb Code     0  startup_stm32f10x_hd.o(.text)
    USART1_IRQHandler                        0x080001ef   Thumb Code     0  startup_stm32f10x_hd.o(.text)
    USART2_IRQHandler                        0x080001ef   Thumb Code     0  startup_stm32f10x_hd.o(.text)
    USART3_IRQHandler                        0x080001ef   Thumb Code     0  startup_stm32f10x_hd.o(.text)
    USBWakeUp_IRQHandler                     0x080001ef   Thumb Code     0  startup_stm32f10x_hd.o(.text)
    USB_HP_CAN1_TX_IRQHandler                0x080001ef   Thumb Code     0  startup_stm32f10x_hd.o(.text)
    USB_LP_CAN1_RX0_IRQHandler               0x080001ef   Thumb Code     0  startup_stm32f10x_hd.o(.text)
    WWDG_IRQHandler                          0x080001ef   Thumb Code     0  startup_stm32f10x_hd.o(.text)
    __user_initial_stackheap                 0x080001f1   Thumb Code     0  startup_stm32f10x_hd.o(.text)
    OS_CPU_SR_Save                           0x08000215   Thumb Code     0  os_cpu_a.o(.text)
    OS_CPU_SR_Restore                        0x0800021d   Thumb Code     0  os_cpu_a.o(.text)
    OSStartHighRdy                           0x08000223   Thumb Code     0  os_cpu_a.o(.text)
    OSCtxSw                                  0x08000241   Thumb Code     0  os_cpu_a.o(.text)
    OSIntCtxSw                               0x0800024b   Thumb Code     0  os_cpu_a.o(.text)
    PendSV_Handler                           0x08000255   Thumb Code     0  os_cpu_a.o(.text)
    __use_no_semihosting                     0x080002bd   Thumb Code     2  use_no_semi_2.o(.text)
    __2printf                                0x080002c1   Thumb Code    20  noretval__2printf.o(.text)
    __printf                                 0x080002d9   Thumb Code   104  __printf.o(.text)
    _printf_int_dec                          0x08000341   Thumb Code   104  _printf_dec.o(.text)
    __use_two_region_memory                  0x080003b9   Thumb Code     2  heapauxi.o(.text)
    __rt_heap_escrow$2region                 0x080003bb   Thumb Code     2  heapauxi.o(.text)
    __rt_heap_expand$2region                 0x080003bd   Thumb Code     2  heapauxi.o(.text)
    __I$use$semihosting                      0x080003bf   Thumb Code     0  use_no_semi.o(.text)
    __use_no_semihosting_swi                 0x080003bf   Thumb Code     2  use_no_semi.o(.text)
    _printf_int_common                       0x080003c1   Thumb Code   178  _printf_intcommon.o(.text)
    _printf_char_file                        0x08000475   Thumb Code    32  _printf_char_file.o(.text)
    _printf_char_common                      0x080004a3   Thumb Code    32  _printf_char_common.o(.text)
    ferror                                   0x080004c9   Thumb Code     8  ferror.o(.text)
    __user_setup_stackheap                   0x080004d1   Thumb Code    74  sys_stackheap_outer.o(.text)
    exit                                     0x0800051b   Thumb Code    18  exit.o(.text)
    __user_libspace                          0x0800052d   Thumb Code     8  libspace.o(.text)
    __user_perproc_libspace                  0x0800052d   Thumb Code     0  libspace.o(.text)
    __user_perthread_libspace                0x0800052d   Thumb Code     0  libspace.o(.text)
    BusFault_Handler                         0x08000535   Thumb Code     4  stm32f10x_it.o(i.BusFault_Handler)
    DebugMon_Handler                         0x08000539   Thumb Code     2  stm32f10x_it.o(i.DebugMon_Handler)
    Delay1ms                                 0x0800053d   Thumb Code    62  delay.o(i.Delay1ms)
    Delay1us                                 0x08000585   Thumb Code    68  delay.o(i.Delay1us)
    EXTI15_10_IRQHandler                     0x080005cd   Thumb Code     2  stm32f10x_it.o(i.EXTI15_10_IRQHandler)
    GPIO_Init                                0x080005cf   Thumb Code   278  stm32f10x_gpio.o(i.GPIO_Init)
    HardFault_Handler                        0x080006e5   Thumb Code     4  stm32f10x_it.o(i.HardFault_Handler)
    MemManage_Handler                        0x080006e9   Thumb Code     4  stm32f10x_it.o(i.MemManage_Handler)
    NMI_Handler                              0x080006ed   Thumb Code     2  stm32f10x_it.o(i.NMI_Handler)
    NVIC_PriorityGroupConfig                 0x080006f1   Thumb Code    10  misc.o(i.NVIC_PriorityGroupConfig)
    OSDebugInit                              0x08000705   Thumb Code    96  os_dbg.o(i.OSDebugInit)
    OSInit                                   0x0800081d   Thumb Code    52  os_core.o(i.OSInit)
    OSInitHookBegin                          0x08000851   Thumb Code     2  os_cpu_c.o(i.OSInitHookBegin)
    OSInitHookEnd                            0x08000853   Thumb Code     2  os_cpu_c.o(i.OSInitHookEnd)
    OSIntEnter                               0x08000855   Thumb Code    28  os_core.o(i.OSIntEnter)
    OSIntExit                                0x08000879   Thumb Code   112  os_core.o(i.OSIntExit)
    OSStart                                  0x08000909   Thumb Code    48  os_core.o(i.OSStart)
    OSStatInit                               0x08000951   Thumb Code    62  os_core.o(i.OSStatInit)
    OSTCBInitHook                            0x0800099d   Thumb Code     2  os_cpu_c.o(i.OSTCBInitHook)
    OSTaskCreate                             0x080009a1   Thumb Code   156  os_task.o(i.OSTaskCreate)
    OSTaskCreateExt                          0x08000a49   Thumb Code   178  os_task.o(i.OSTaskCreateExt)
    OSTaskCreateHook                         0x08000b09   Thumb Code     2  os_cpu_c.o(i.OSTaskCreateHook)
    OSTaskDel                                0x08000b0d   Thumb Code   318  os_task.o(i.OSTaskDel)
    OSTaskDelHook                            0x08000c79   Thumb Code     2  os_cpu_c.o(i.OSTaskDelHook)
    OSTaskDelReq                             0x08000c7d   Thumb Code   112  os_task.o(i.OSTaskDelReq)
    OSTaskIdleHook                           0x08000cf5   Thumb Code     2  os_cpu_c.o(i.OSTaskIdleHook)
    OSTaskNameSet                            0x08000cf9   Thumb Code   120  os_task.o(i.OSTaskNameSet)
    OSTaskStatHook                           0x08000d7d   Thumb Code     2  os_cpu_c.o(i.OSTaskStatHook)
    OSTaskStkChk                             0x08000d81   Thumb Code   150  os_task.o(i.OSTaskStkChk)
    OSTaskStkInit                            0x08000e21   Thumb Code   154  os_cpu_c.o(i.OSTaskStkInit)
    OSTaskSuspend                            0x08000ebd   Thumb Code   172  os_task.o(i.OSTaskSuspend)
    OSTaskSwHook                             0x08000f79   Thumb Code     2  os_cpu_c.o(i.OSTaskSwHook)
    OSTimeDly                                0x08000f7d   Thumb Code   100  os_time.o(i.OSTimeDly)
    OSTimeTick                               0x08000ff5   Thumb Code   210  os_core.o(i.OSTimeTick)
    OSTimeTickHook                           0x080010e1   Thumb Code     2  os_cpu_c.o(i.OSTimeTickHook)
    OS_Dummy                                 0x080010e3   Thumb Code     2  os_core.o(i.OS_Dummy)
    OS_EventTaskRemove                       0x080010e5   Thumb Code    42  os_core.o(i.OS_EventTaskRemove)
    OS_EventTaskRemoveMulti                  0x0800110f   Thumb Code    58  os_core.o(i.OS_EventTaskRemoveMulti)
    OS_FlagInit                              0x08001149   Thumb Code    74  os_flag.o(i.OS_FlagInit)
    OS_FlagUnlink                            0x080011a1   Thumb Code    36  os_flag.o(i.OS_FlagUnlink)
    OS_MemClr                                0x080013dd   Thumb Code    18  os_core.o(i.OS_MemClr)
    OS_MemInit                               0x080013f1   Thumb Code    74  os_mem.o(i.OS_MemInit)
    OS_QInit                                 0x08001449   Thumb Code    72  os_q.o(i.OS_QInit)
    OS_Sched                                 0x08001499   Thumb Code    88  os_core.o(i.OS_Sched)
    OS_TCBInit                               0x08001539   Thumb Code   280  os_core.o(i.OS_TCBInit)
    OS_TaskIdle                              0x0800166d   Thumb Code    34  os_core.o(i.OS_TaskIdle)
    OS_TaskStat                              0x08001695   Thumb Code   116  os_core.o(i.OS_TaskStat)
    OS_TaskStatStkChk                        0x0800171d   Thumb Code    54  os_core.o(i.OS_TaskStatStkChk)
    OS_TaskStkClr                            0x08001759   Thumb Code    26  os_task.o(i.OS_TaskStkClr)
    RCC_APB2PeriphClockCmd                   0x08001775   Thumb Code    26  stm32f10x_rcc.o(i.RCC_APB2PeriphClockCmd)
    RCC_GetClocksFreq                        0x08001795   Thumb Code   192  stm32f10x_rcc.o(i.RCC_GetClocksFreq)
    SVC_Handler                              0x08001869   Thumb Code     2  stm32f10x_it.o(i.SVC_Handler)
    SYSBSP_Init                              0x0800186b   Thumb Code    10  sysbsp.o(i.SYSBSP_Init)
    SysTick_Handler                          0x0800195d   Thumb Code    16  stm32f10x_it.o(i.SysTick_Handler)
    SystemInit                               0x0800196d   Thumb Code    78  system_stm32f10x.o(i.SystemInit)
    Systick_Init                             0x080019cd   Thumb Code    78  sys.o(i.Systick_Init)
    USART1_Configuration                     0x08001a2d   Thumb Code   134  usart.o(i.USART1_Configuration)
    USART_Cmd                                0x08001abd   Thumb Code    24  stm32f10x_usart.o(i.USART_Cmd)
    USART_GetFlagStatus                      0x08001ad5   Thumb Code    26  stm32f10x_usart.o(i.USART_GetFlagStatus)
    USART_Init                               0x08001af1   Thumb Code   210  stm32f10x_usart.o(i.USART_Init)
    USART_SendData                           0x08001bc9   Thumb Code     8  stm32f10x_usart.o(i.USART_SendData)
    UsageFault_Handler                       0x08001bd1   Thumb Code     4  stm32f10x_it.o(i.UsageFault_Handler)
    _sys_exit                                0x08001bd5   Thumb Code     4  usart.o(i._sys_exit)
    fputc                                    0x08001bd9   Thumb Code    32  usart.o(i.fputc)
    main                                     0x08001bfd   Thumb Code    34  main.o(i.main)
    start_task                               0x08001c29   Thumb Code    86  task.o(i.start_task)
    usart1_task                              0x08001cc9   Thumb Code    22  task.o(i.usart1_task)
    OSUnMapTbl                               0x08001cfc   Data         256  os_core.o(.constdata)
    OSDebugEn                                0x08001dfc   Data           2  os_dbg.o(.constdata)
    OSEndiannessTest                         0x08001e00   Data           4  os_dbg.o(.constdata)
    OSEventEn                                0x08001e04   Data           2  os_dbg.o(.constdata)
    OSEventMax                               0x08001e06   Data           2  os_dbg.o(.constdata)
    OSEventNameEn                            0x08001e08   Data           2  os_dbg.o(.constdata)
    OSEventSize                              0x08001e0a   Data           2  os_dbg.o(.constdata)
    OSEventTblSize                           0x08001e0c   Data           2  os_dbg.o(.constdata)
    OSEventMultiEn                           0x08001e0e   Data           2  os_dbg.o(.constdata)
    OSFlagEn                                 0x08001e10   Data           2  os_dbg.o(.constdata)
    OSFlagGrpSize                            0x08001e12   Data           2  os_dbg.o(.constdata)
    OSFlagNodeSize                           0x08001e14   Data           2  os_dbg.o(.constdata)
    OSFlagWidth                              0x08001e16   Data           2  os_dbg.o(.constdata)
    OSFlagMax                                0x08001e18   Data           2  os_dbg.o(.constdata)
    OSFlagNameEn                             0x08001e1a   Data           2  os_dbg.o(.constdata)
    OSLowestPrio                             0x08001e1c   Data           2  os_dbg.o(.constdata)
    OSMboxEn                                 0x08001e1e   Data           2  os_dbg.o(.constdata)
    OSMemEn                                  0x08001e20   Data           2  os_dbg.o(.constdata)
    OSMemMax                                 0x08001e22   Data           2  os_dbg.o(.constdata)
    OSMemNameEn                              0x08001e24   Data           2  os_dbg.o(.constdata)
    OSMemSize                                0x08001e26   Data           2  os_dbg.o(.constdata)
    OSMemTblSize                             0x08001e28   Data           2  os_dbg.o(.constdata)
    OSMutexEn                                0x08001e2a   Data           2  os_dbg.o(.constdata)
    OSPtrSize                                0x08001e2c   Data           2  os_dbg.o(.constdata)
    OSQEn                                    0x08001e2e   Data           2  os_dbg.o(.constdata)
    OSQMax                                   0x08001e30   Data           2  os_dbg.o(.constdata)
    OSQSize                                  0x08001e32   Data           2  os_dbg.o(.constdata)
    OSRdyTblSize                             0x08001e34   Data           2  os_dbg.o(.constdata)
    OSSemEn                                  0x08001e36   Data           2  os_dbg.o(.constdata)
    OSStkWidth                               0x08001e38   Data           2  os_dbg.o(.constdata)
    OSTaskCreateEn                           0x08001e3a   Data           2  os_dbg.o(.constdata)
    OSTaskCreateExtEn                        0x08001e3c   Data           2  os_dbg.o(.constdata)
    OSTaskDelEn                              0x08001e3e   Data           2  os_dbg.o(.constdata)
    OSTaskIdleStkSize                        0x08001e40   Data           2  os_dbg.o(.constdata)
    OSTaskProfileEn                          0x08001e42   Data           2  os_dbg.o(.constdata)
    OSTaskMax                                0x08001e44   Data           2  os_dbg.o(.constdata)
    OSTaskNameEn                             0x08001e46   Data           2  os_dbg.o(.constdata)
    OSTaskStatEn                             0x08001e48   Data           2  os_dbg.o(.constdata)
    OSTaskStatStkSize                        0x08001e4a   Data           2  os_dbg.o(.constdata)
    OSTaskStatStkChkEn                       0x08001e4c   Data           2  os_dbg.o(.constdata)
    OSTaskSwHookEn                           0x08001e4e   Data           2  os_dbg.o(.constdata)
    OSTaskRegTblSize                         0x08001e50   Data           2  os_dbg.o(.constdata)
    OSTCBPrioTblMax                          0x08001e52   Data           2  os_dbg.o(.constdata)
    OSTCBSize                                0x08001e54   Data           2  os_dbg.o(.constdata)
    OSTicksPerSec                            0x08001e56   Data           2  os_dbg.o(.constdata)
    OSTimeTickHookEn                         0x08001e58   Data           2  os_dbg.o(.constdata)
    OSVersionNbr                             0x08001e5a   Data           2  os_dbg.o(.constdata)
    OSTmrEn                                  0x08001e5c   Data           2  os_dbg.o(.constdata)
    OSTmrCfgMax                              0x08001e5e   Data           2  os_dbg.o(.constdata)
    OSTmrCfgNameEn                           0x08001e60   Data           2  os_dbg.o(.constdata)
    OSTmrCfgWheelSize                        0x08001e62   Data           2  os_dbg.o(.constdata)
    OSTmrCfgTicksPerSec                      0x08001e64   Data           2  os_dbg.o(.constdata)
    OSTmrSize                                0x08001e66   Data           2  os_dbg.o(.constdata)
    OSTmrTblSize                             0x08001e68   Data           2  os_dbg.o(.constdata)
    OSTmrWheelSize                           0x08001e6a   Data           2  os_dbg.o(.constdata)
    OSTmrWheelTblSize                        0x08001e6c   Data           2  os_dbg.o(.constdata)
    OSDataSize                               0x08001e6e   Data           2  os_dbg.o(.constdata)
    Region$$Table$$Base                      0x08001e70   Number         0  anon$$obj.o(Region$$Table)
    Region$$Table$$Limit                     0x08001e90   Number         0  anon$$obj.o(Region$$Table)
    fac_us                                   0x20000000   Data           1  sys.o(.data)
    fac_ms                                   0x20000002   Data           2  sys.o(.data)
    __stdout                                 0x20000004   Data           4  usart.o(.data)
    SystemCoreClock                          0x20000008   Data           4  system_stm32f10x.o(.data)
    AHBPrescTable                            0x2000000c   Data          16  system_stm32f10x.o(.data)
    OSCtxSwCtr                               0x20000030   Data           4  os_core.o(.data)
    OSEventFreeList                          0x20000034   Data           4  os_core.o(.data)
    OSFlagFreeList                           0x20000038   Data           4  os_core.o(.data)
    OSCPUUsage                               0x2000003c   Data           1  os_core.o(.data)
    OSIdleCtrMax                             0x20000040   Data           4  os_core.o(.data)
    OSIdleCtrRun                             0x20000044   Data           4  os_core.o(.data)
    OSStatRdy                                0x20000048   Data           1  os_core.o(.data)
    OSIntNesting                             0x20000049   Data           1  os_core.o(.data)
    OSLockNesting                            0x2000004a   Data           1  os_core.o(.data)
    OSPrioCur                                0x2000004b   Data           1  os_core.o(.data)
    OSPrioHighRdy                            0x2000004c   Data           1  os_core.o(.data)
    OSRdyGrp                                 0x2000004d   Data           1  os_core.o(.data)
    OSRdyTbl                                 0x2000004e   Data           8  os_core.o(.data)
    OSRunning                                0x20000056   Data           1  os_core.o(.data)
    OSTaskCtr                                0x20000057   Data           1  os_core.o(.data)
    OSIdleCtr                                0x20000058   Data           4  os_core.o(.data)
    OSTCBCur                                 0x2000005c   Data           4  os_core.o(.data)
    OSTCBFreeList                            0x20000060   Data           4  os_core.o(.data)
    OSTCBHighRdy                             0x20000064   Data           4  os_core.o(.data)
    OSTCBList                                0x20000068   Data           4  os_core.o(.data)
    OSTickStepState                          0x2000006c   Data           1  os_core.o(.data)
    OSMemFreeList                            0x20000070   Data           4  os_core.o(.data)
    OSQFreeList                              0x20000074   Data           4  os_core.o(.data)
    OSTime                                   0x20000078   Data           4  os_core.o(.data)
    START_TASK_STK                           0x20000080   Data         512  task.o(.bss)
    USART1_TASK_STK                          0x20000280   Data         512  task.o(.bss)
    OSEventTbl                               0x20000480   Data         384  os_core.o(.bss)
    OSFlagTbl                                0x20000600   Data          80  os_core.o(.bss)
    OSTaskStatStk                            0x20000650   Data         512  os_core.o(.bss)
    OSTaskIdleStk                            0x20000850   Data         512  os_core.o(.bss)
    OSTCBPrioTbl                             0x20000a50   Data         256  os_core.o(.bss)
    OSTCBTbl                                 0x20000b50   Data        1936  os_core.o(.bss)
    OSMemTbl                                 0x200012e0   Data         120  os_core.o(.bss)
    OSQTbl                                   0x20001358   Data          96  os_core.o(.bss)
    __libspace_start                         0x200013b8   Data          96  libspace.o(.bss)
    __temporary_stack_top$libspace           0x20001418   Data           0  libspace.o(.bss)



==============================================================================

Memory Map of the image

  Image Entry point : 0x08000131

  Load Region LR_IROM1 (Base: 0x08000000, Size: 0x00001f0c, Max: 0x00080000, ABSOLUTE)

    Execution Region ER_IROM1 (Exec base: 0x08000000, Load base: 0x08000000, Size: 0x00001e90, Max: 0x00080000, ABSOLUTE)

    Exec Addr    Load Addr    Size         Type   Attr      Idx    E Section Name        Object

    0x08000000   0x08000000   0x00000130   Data   RO         3330    RESET               startup_stm32f10x_hd.o
    0x08000130   0x08000130   0x00000008   Code   RO         4174  * !!!main             c_w.l(__main.o)
    0x08000138   0x08000138   0x00000034   Code   RO         4342    !!!scatter          c_w.l(__scatter.o)
    0x0800016c   0x0800016c   0x0000001a   Code   RO         4344    !!handler_copy      c_w.l(__scatter_copy.o)
    0x08000186   0x08000186   0x00000002   PAD
    0x08000188   0x08000188   0x0000001c   Code   RO         4346    !!handler_zi        c_w.l(__scatter_zi.o)
    0x080001a4   0x080001a4   0x00000000   Code   RO         4171    .ARM.Collect$$_printf_percent$$00000000  c_w.l(_printf_percent.o)
    0x080001a4   0x080001a4   0x00000006   Code   RO         4170    .ARM.Collect$$_printf_percent$$00000009  c_w.l(_printf_d.o)
    0x080001aa   0x080001aa   0x00000004   Code   RO         4183    .ARM.Collect$$_printf_percent$$00000017  c_w.l(_printf_percent_end.o)
    0x080001ae   0x080001ae   0x00000002   Code   RO         4216    .ARM.Collect$$libinit$$00000000  c_w.l(libinit.o)
    0x080001b0   0x080001b0   0x00000000   Code   RO         4223    .ARM.Collect$$libinit$$00000002  c_w.l(libinit2.o)
    0x080001b0   0x080001b0   0x00000000   Code   RO         4225    .ARM.Collect$$libinit$$00000004  c_w.l(libinit2.o)
    0x080001b0   0x080001b0   0x00000000   Code   RO         4228    .ARM.Collect$$libinit$$0000000A  c_w.l(libinit2.o)
    0x080001b0   0x080001b0   0x00000000   Code   RO         4230    .ARM.Collect$$libinit$$0000000C  c_w.l(libinit2.o)
    0x080001b0   0x080001b0   0x00000000   Code   RO         4232    .ARM.Collect$$libinit$$0000000E  c_w.l(libinit2.o)
    0x080001b0   0x080001b0   0x00000000   Code   RO         4235    .ARM.Collect$$libinit$$00000011  c_w.l(libinit2.o)
    0x080001b0   0x080001b0   0x00000000   Code   RO         4237    .ARM.Collect$$libinit$$00000013  c_w.l(libinit2.o)
    0x080001b0   0x080001b0   0x00000000   Code   RO         4239    .ARM.Collect$$libinit$$00000015  c_w.l(libinit2.o)
    0x080001b0   0x080001b0   0x00000000   Code   RO         4241    .ARM.Collect$$libinit$$00000017  c_w.l(libinit2.o)
    0x080001b0   0x080001b0   0x00000000   Code   RO         4243    .ARM.Collect$$libinit$$00000019  c_w.l(libinit2.o)
    0x080001b0   0x080001b0   0x00000000   Code   RO         4245    .ARM.Collect$$libinit$$0000001B  c_w.l(libinit2.o)
    0x080001b0   0x080001b0   0x00000000   Code   RO         4247    .ARM.Collect$$libinit$$0000001D  c_w.l(libinit2.o)
    0x080001b0   0x080001b0   0x00000000   Code   RO         4249    .ARM.Collect$$libinit$$0000001F  c_w.l(libinit2.o)
    0x080001b0   0x080001b0   0x00000000   Code   RO         4251    .ARM.Collect$$libinit$$00000021  c_w.l(libinit2.o)
    0x080001b0   0x080001b0   0x00000000   Code   RO         4253    .ARM.Collect$$libinit$$00000023  c_w.l(libinit2.o)
    0x080001b0   0x080001b0   0x00000000   Code   RO         4255    .ARM.Collect$$libinit$$00000025  c_w.l(libinit2.o)
    0x080001b0   0x080001b0   0x00000000   Code   RO         4259    .ARM.Collect$$libinit$$0000002C  c_w.l(libinit2.o)
    0x080001b0   0x080001b0   0x00000000   Code   RO         4261    .ARM.Collect$$libinit$$0000002E  c_w.l(libinit2.o)
    0x080001b0   0x080001b0   0x00000000   Code   RO         4263    .ARM.Collect$$libinit$$00000030  c_w.l(libinit2.o)
    0x080001b0   0x080001b0   0x00000000   Code   RO         4265    .ARM.Collect$$libinit$$00000032  c_w.l(libinit2.o)
    0x080001b0   0x080001b0   0x00000002   Code   RO         4266    .ARM.Collect$$libinit$$00000033  c_w.l(libinit2.o)
    0x080001b2   0x080001b2   0x00000002   Code   RO         4284    .ARM.Collect$$libshutdown$$00000000  c_w.l(libshutdown.o)
    0x080001b4   0x080001b4   0x00000000   Code   RO         4294    .ARM.Collect$$libshutdown$$00000002  c_w.l(libshutdown2.o)
    0x080001b4   0x080001b4   0x00000000   Code   RO         4296    .ARM.Collect$$libshutdown$$00000004  c_w.l(libshutdown2.o)
    0x080001b4   0x080001b4   0x00000000   Code   RO         4299    .ARM.Collect$$libshutdown$$00000007  c_w.l(libshutdown2.o)
    0x080001b4   0x080001b4   0x00000000   Code   RO         4302    .ARM.Collect$$libshutdown$$0000000A  c_w.l(libshutdown2.o)
    0x080001b4   0x080001b4   0x00000000   Code   RO         4304    .ARM.Collect$$libshutdown$$0000000C  c_w.l(libshutdown2.o)
    0x080001b4   0x080001b4   0x00000000   Code   RO         4307    .ARM.Collect$$libshutdown$$0000000F  c_w.l(libshutdown2.o)
    0x080001b4   0x080001b4   0x00000002   Code   RO         4308    .ARM.Collect$$libshutdown$$00000010  c_w.l(libshutdown2.o)
    0x080001b6   0x080001b6   0x00000000   Code   RO         4178    .ARM.Collect$$rtentry$$00000000  c_w.l(__rtentry.o)
    0x080001b6   0x080001b6   0x00000000   Code   RO         4185    .ARM.Collect$$rtentry$$00000002  c_w.l(__rtentry2.o)
    0x080001b6   0x080001b6   0x00000006   Code   RO         4197    .ARM.Collect$$rtentry$$00000004  c_w.l(__rtentry4.o)
    0x080001bc   0x080001bc   0x00000000   Code   RO         4187    .ARM.Collect$$rtentry$$00000009  c_w.l(__rtentry2.o)
    0x080001bc   0x080001bc   0x00000004   Code   RO         4188    .ARM.Collect$$rtentry$$0000000A  c_w.l(__rtentry2.o)
    0x080001c0   0x080001c0   0x00000000   Code   RO         4190    .ARM.Collect$$rtentry$$0000000C  c_w.l(__rtentry2.o)
    0x080001c0   0x080001c0   0x00000008   Code   RO         4191    .ARM.Collect$$rtentry$$0000000D  c_w.l(__rtentry2.o)
    0x080001c8   0x080001c8   0x00000002   Code   RO         4220    .ARM.Collect$$rtexit$$00000000  c_w.l(rtexit.o)
    0x080001ca   0x080001ca   0x00000000   Code   RO         4268    .ARM.Collect$$rtexit$$00000002  c_w.l(rtexit2.o)
    0x080001ca   0x080001ca   0x00000004   Code   RO         4269    .ARM.Collect$$rtexit$$00000003  c_w.l(rtexit2.o)
    0x080001ce   0x080001ce   0x00000006   Code   RO         4270    .ARM.Collect$$rtexit$$00000004  c_w.l(rtexit2.o)
    0x080001d4   0x080001d4   0x00000040   Code   RO         3331    .text               startup_stm32f10x_hd.o
    0x08000214   0x08000214   0x000000a8   Code   RO         4135    .text               os_cpu_a.o
    0x080002bc   0x080002bc   0x00000002   Code   RO         4140    .text               c_w.l(use_no_semi_2.o)
    0x080002be   0x080002be   0x00000002   PAD
    0x080002c0   0x080002c0   0x00000018   Code   RO         4144    .text               c_w.l(noretval__2printf.o)
    0x080002d8   0x080002d8   0x00000068   Code   RO         4146    .text               c_w.l(__printf.o)
    0x08000340   0x08000340   0x00000078   Code   RO         4148    .text               c_w.l(_printf_dec.o)
    0x080003b8   0x080003b8   0x00000006   Code   RO         4172    .text               c_w.l(heapauxi.o)
    0x080003be   0x080003be   0x00000002   Code   RO         4176    .text               c_w.l(use_no_semi.o)
    0x080003c0   0x080003c0   0x000000b2   Code   RO         4179    .text               c_w.l(_printf_intcommon.o)
    0x08000472   0x08000472   0x00000002   PAD
    0x08000474   0x08000474   0x00000024   Code   RO         4181    .text               c_w.l(_printf_char_file.o)
    0x08000498   0x08000498   0x00000030   Code   RO         4199    .text               c_w.l(_printf_char_common.o)
    0x080004c8   0x080004c8   0x00000008   Code   RO         4201    .text               c_w.l(ferror.o)
    0x080004d0   0x080004d0   0x0000004a   Code   RO         4205    .text               c_w.l(sys_stackheap_outer.o)
    0x0800051a   0x0800051a   0x00000012   Code   RO         4209    .text               c_w.l(exit.o)
    0x0800052c   0x0800052c   0x00000008   Code   RO         4217    .text               c_w.l(libspace.o)
    0x08000534   0x08000534   0x00000004   Code   RO         3265    i.BusFault_Handler  stm32f10x_it.o
    0x08000538   0x08000538   0x00000002   Code   RO         3266    i.DebugMon_Handler  stm32f10x_it.o
    0x0800053a   0x0800053a   0x00000002   PAD
    0x0800053c   0x0800053c   0x00000048   Code   RO          186    i.Delay1ms          delay.o
    0x08000584   0x08000584   0x00000048   Code   RO          187    i.Delay1us          delay.o
    0x080005cc   0x080005cc   0x00000002   Code   RO         3267    i.EXTI15_10_IRQHandler  stm32f10x_it.o
    0x080005ce   0x080005ce   0x00000116   Code   RO         1449    i.GPIO_Init         stm32f10x_gpio.o
    0x080006e4   0x080006e4   0x00000004   Code   RO         3268    i.HardFault_Handler  stm32f10x_it.o
    0x080006e8   0x080006e8   0x00000004   Code   RO         3269    i.MemManage_Handler  stm32f10x_it.o
    0x080006ec   0x080006ec   0x00000002   Code   RO         3270    i.NMI_Handler       stm32f10x_it.o
    0x080006ee   0x080006ee   0x00000002   PAD
    0x080006f0   0x080006f0   0x00000014   Code   RO          299    i.NVIC_PriorityGroupConfig  misc.o
    0x08000704   0x08000704   0x00000118   Code   RO         4120    i.OSDebugInit       os_dbg.o
    0x0800081c   0x0800081c   0x00000034   Code   RO         3338    i.OSInit            os_core.o
    0x08000850   0x08000850   0x00000002   Code   RO         4041    i.OSInitHookBegin   os_cpu_c.o
    0x08000852   0x08000852   0x00000002   Code   RO         4042    i.OSInitHookEnd     os_cpu_c.o
    0x08000854   0x08000854   0x00000024   Code   RO         3339    i.OSIntEnter        os_core.o
    0x08000878   0x08000878   0x00000090   Code   RO         3340    i.OSIntExit         os_core.o
    0x08000908   0x08000908   0x00000048   Code   RO         3343    i.OSStart           os_core.o
    0x08000950   0x08000950   0x0000004c   Code   RO         3344    i.OSStatInit        os_core.o
    0x0800099c   0x0800099c   0x00000002   Code   RO         4043    i.OSTCBInitHook     os_cpu_c.o
    0x0800099e   0x0800099e   0x00000002   PAD
    0x080009a0   0x080009a0   0x000000a8   Code   RO         3904    i.OSTaskCreate      os_task.o
    0x08000a48   0x08000a48   0x000000c0   Code   RO         3905    i.OSTaskCreateExt   os_task.o
    0x08000b08   0x08000b08   0x00000002   Code   RO         4044    i.OSTaskCreateHook  os_cpu_c.o
    0x08000b0a   0x08000b0a   0x00000002   PAD
    0x08000b0c   0x08000b0c   0x0000016c   Code   RO         3906    i.OSTaskDel         os_task.o
    0x08000c78   0x08000c78   0x00000002   Code   RO         4045    i.OSTaskDelHook     os_cpu_c.o
    0x08000c7a   0x08000c7a   0x00000002   PAD
    0x08000c7c   0x08000c7c   0x00000078   Code   RO         3907    i.OSTaskDelReq      os_task.o
    0x08000cf4   0x08000cf4   0x00000002   Code   RO         4046    i.OSTaskIdleHook    os_cpu_c.o
    0x08000cf6   0x08000cf6   0x00000002   PAD
    0x08000cf8   0x08000cf8   0x00000084   Code   RO         3909    i.OSTaskNameSet     os_task.o
    0x08000d7c   0x08000d7c   0x00000002   Code   RO         4048    i.OSTaskStatHook    os_cpu_c.o
    0x08000d7e   0x08000d7e   0x00000002   PAD
    0x08000d80   0x08000d80   0x000000a0   Code   RO         3914    i.OSTaskStkChk      os_task.o
    0x08000e20   0x08000e20   0x0000009a   Code   RO         4049    i.OSTaskStkInit     os_cpu_c.o
    0x08000eba   0x08000eba   0x00000002   PAD
    0x08000ebc   0x08000ebc   0x000000bc   Code   RO         3915    i.OSTaskSuspend     os_task.o
    0x08000f78   0x08000f78   0x00000002   Code   RO         4050    i.OSTaskSwHook      os_cpu_c.o
    0x08000f7a   0x08000f7a   0x00000002   PAD
    0x08000f7c   0x08000f7c   0x00000078   Code   RO         3999    i.OSTimeDly         os_time.o
    0x08000ff4   0x08000ff4   0x000000ec   Code   RO         3345    i.OSTimeTick        os_core.o
    0x080010e0   0x080010e0   0x00000002   Code   RO         4051    i.OSTimeTickHook    os_cpu_c.o
    0x080010e2   0x080010e2   0x00000002   Code   RO         3347    i.OS_Dummy          os_core.o
    0x080010e4   0x080010e4   0x0000002a   Code   RO         3349    i.OS_EventTaskRemove  os_core.o
    0x0800110e   0x0800110e   0x0000003a   Code   RO         3350    i.OS_EventTaskRemoveMulti  os_core.o
    0x08001148   0x08001148   0x00000058   Code   RO         3556    i.OS_FlagInit       os_flag.o
    0x080011a0   0x080011a0   0x00000024   Code   RO         3558    i.OS_FlagUnlink     os_flag.o
    0x080011c4   0x080011c4   0x00000060   Code   RO         3354    i.OS_InitEventList  os_core.o
    0x08001224   0x08001224   0x00000054   Code   RO         3355    i.OS_InitMisc       os_core.o
    0x08001278   0x08001278   0x00000044   Code   RO         3356    i.OS_InitRdyList    os_core.o
    0x080012bc   0x080012bc   0x00000080   Code   RO         3357    i.OS_InitTCBList    os_core.o
    0x0800133c   0x0800133c   0x00000050   Code   RO         3358    i.OS_InitTaskIdle   os_core.o
    0x0800138c   0x0800138c   0x00000050   Code   RO         3359    i.OS_InitTaskStat   os_core.o
    0x080013dc   0x080013dc   0x00000012   Code   RO         3360    i.OS_MemClr         os_core.o
    0x080013ee   0x080013ee   0x00000002   PAD
    0x080013f0   0x080013f0   0x00000058   Code   RO         3688    i.OS_MemInit        os_mem.o
    0x08001448   0x08001448   0x00000050   Code   RO         3787    i.OS_QInit          os_q.o
    0x08001498   0x08001498   0x00000074   Code   RO         3362    i.OS_Sched          os_core.o
    0x0800150c   0x0800150c   0x0000002c   Code   RO         3363    i.OS_SchedNew       os_core.o
    0x08001538   0x08001538   0x00000134   Code   RO         3365    i.OS_TCBInit        os_core.o
    0x0800166c   0x0800166c   0x00000028   Code   RO         3366    i.OS_TaskIdle       os_core.o
    0x08001694   0x08001694   0x00000088   Code   RO         3367    i.OS_TaskStat       os_core.o
    0x0800171c   0x0800171c   0x0000003c   Code   RO         3368    i.OS_TaskStatStkChk  os_core.o
    0x08001758   0x08001758   0x0000001a   Code   RO         3917    i.OS_TaskStkClr     os_task.o
    0x08001772   0x08001772   0x00000002   PAD
    0x08001774   0x08001774   0x00000020   Code   RO         1867    i.RCC_APB2PeriphClockCmd  stm32f10x_rcc.o
    0x08001794   0x08001794   0x000000d4   Code   RO         1875    i.RCC_GetClocksFreq  stm32f10x_rcc.o
    0x08001868   0x08001868   0x00000002   Code   RO         3271    i.SVC_Handler       stm32f10x_it.o
    0x0800186a   0x0800186a   0x0000000a   Code   RO          147    i.SYSBSP_Init       sysbsp.o
    0x08001874   0x08001874   0x00000008   Code   RO          264    i.SetSysClock       system_stm32f10x.o
    0x0800187c   0x0800187c   0x000000e0   Code   RO          265    i.SetSysClockTo72   system_stm32f10x.o
    0x0800195c   0x0800195c   0x00000010   Code   RO         3272    i.SysTick_Handler   stm32f10x_it.o
    0x0800196c   0x0800196c   0x00000060   Code   RO          267    i.SystemInit        system_stm32f10x.o
    0x080019cc   0x080019cc   0x00000060   Code   RO          204    i.Systick_Init      sys.o
    0x08001a2c   0x08001a2c   0x00000090   Code   RO          222    i.USART1_Configuration  usart.o
    0x08001abc   0x08001abc   0x00000018   Code   RO         3035    i.USART_Cmd         stm32f10x_usart.o
    0x08001ad4   0x08001ad4   0x0000001a   Code   RO         3038    i.USART_GetFlagStatus  stm32f10x_usart.o
    0x08001aee   0x08001aee   0x00000002   PAD
    0x08001af0   0x08001af0   0x000000d8   Code   RO         3042    i.USART_Init        stm32f10x_usart.o
    0x08001bc8   0x08001bc8   0x00000008   Code   RO         3052    i.USART_SendData    stm32f10x_usart.o
    0x08001bd0   0x08001bd0   0x00000004   Code   RO         3273    i.UsageFault_Handler  stm32f10x_it.o
    0x08001bd4   0x08001bd4   0x00000004   Code   RO          223    i._sys_exit         usart.o
    0x08001bd8   0x08001bd8   0x00000024   Code   RO          224    i.fputc             usart.o
    0x08001bfc   0x08001bfc   0x0000002c   Code   RO            1    i.main              main.o
    0x08001c28   0x08001c28   0x000000a0   Code   RO          162    i.start_task        task.o
    0x08001cc8   0x08001cc8   0x00000034   Code   RO          163    i.usart1_task       task.o
    0x08001cfc   0x08001cfc   0x00000100   Data   RO         3370    .constdata          os_core.o
    0x08001dfc   0x08001dfc   0x00000074   Data   RO         4121    .constdata          os_dbg.o
    0x08001e70   0x08001e70   0x00000020   Data   RO         4340    Region$$Table       anon$$obj.o


    Execution Region RW_IRAM1 (Exec base: 0x20000000, Load base: 0x08001e90, Size: 0x00002218, Max: 0x00010000, ABSOLUTE)

    Exec Addr    Load Addr    Size         Type   Attr      Idx    E Section Name        Object

    0x20000000   0x08001e90   0x00000004   Data   RW          205    .data               sys.o
    0x20000004   0x08001e94   0x00000004   Data   RW          225    .data               usart.o
    0x20000008   0x08001e98   0x00000014   Data   RW          268    .data               system_stm32f10x.o
    0x2000001c   0x08001eac   0x00000014   Data   RW         1895    .data               stm32f10x_rcc.o
    0x20000030   0x08001ec0   0x0000004c   Data   RW         3371    .data               os_core.o
    0x2000007c   0x08001f0c   0x00000004   PAD
    0x20000080        -       0x00000400   Zero   RW          164    .bss                task.o
    0x20000480        -       0x00000f38   Zero   RW         3369    .bss                os_core.o
    0x200013b8        -       0x00000060   Zero   RW         4218    .bss                c_w.l(libspace.o)
    0x20001418        -       0x00000200   Zero   RW         3329    HEAP                startup_stm32f10x_hd.o
    0x20001618        -       0x00000c00   Zero   RW         3328    STACK               startup_stm32f10x_hd.o


==============================================================================

Image component sizes


      Code (inc. data)   RO Data    RW Data    ZI Data      Debug   Object Name

         0          0          0          0          0         32   core_cm3.o
       144         14          0          0          0       1102   delay.o
        44         10          0          0          0     239626   main.o
        20         10          0          0          0        475   misc.o
      1976        368        256         76       3896      20111   os_core.o
       168         36          0          0          0        316   os_cpu_a.o
       172          0          0          0          0      13334   os_cpu_c.o
       280        184        116          0          0       3338   os_dbg.o
       124         14          0          0          0       1158   os_flag.o
        88         14          0          0          0        513   os_mem.o
        80          8          0          0          0        539   os_q.o
      1350        118          0          0          0       7003   os_task.o
       120         20          0          0          0        608   os_time.o
        64         26        304          0       3584        804   startup_stm32f10x_hd.o
       278          0          0          0          0       1872   stm32f10x_gpio.o
        40          0          0          0          0       3892   stm32f10x_it.o
       244         26          0         20          0       3713   stm32f10x_rcc.o
       274          6          0          0          0       3808   stm32f10x_usart.o
        96         18          0          4          0        679   sys.o
        10          0          0          0          0        450   sysbsp.o
       328         28          0         20          0       2173   system_stm32f10x.o
       212        104          0          0       1024       1660   task.o
       184         14          0          4          0       3381   usart.o

    ----------------------------------------------------------------------
      6320       1018        708        124       8508     310587   Object Totals
         0          0         32          0          0          0   (incl. Generated)
        24          0          0          0          4          0   (incl. Padding)

    ----------------------------------------------------------------------

      Code (inc. data)   RO Data    RW Data    ZI Data      Debug   Library Member Name

         8          0          0          0          0         68   __main.o
       104          0          0          0          0         84   __printf.o
         0          0          0          0          0          0   __rtentry.o
        12          0          0          0          0          0   __rtentry2.o
         6          0          0          0          0          0   __rtentry4.o
        52          8          0          0          0          0   __scatter.o
        26          0          0          0          0          0   __scatter_copy.o
        28          0          0          0          0          0   __scatter_zi.o
        48          6          0          0          0         96   _printf_char_common.o
        36          4          0          0          0         80   _printf_char_file.o
         6          0          0          0          0          0   _printf_d.o
       120         16          0          0          0         92   _printf_dec.o
       178          0          0          0          0         88   _printf_intcommon.o
         0          0          0          0          0          0   _printf_percent.o
         4          0          0          0          0          0   _printf_percent_end.o
        18          0          0          0          0         80   exit.o
         8          0          0          0          0         68   ferror.o
         6          0          0          0          0        152   heapauxi.o
         2          0          0          0          0          0   libinit.o
         2          0          0          0          0          0   libinit2.o
         2          0          0          0          0          0   libshutdown.o
         2          0          0          0          0          0   libshutdown2.o
         8          4          0          0         96         68   libspace.o
        24          4          0          0          0         84   noretval__2printf.o
         2          0          0          0          0          0   rtexit.o
        10          0          0          0          0          0   rtexit2.o
        74          0          0          0          0         80   sys_stackheap_outer.o
         2          0          0          0          0         68   use_no_semi.o
         2          0          0          0          0         68   use_no_semi_2.o

    ----------------------------------------------------------------------
       796         42          0          0         96       1176   Library Totals
         6          0          0          0          0          0   (incl. Padding)

    ----------------------------------------------------------------------

      Code (inc. data)   RO Data    RW Data    ZI Data      Debug   Library Name

       790         42          0          0         96       1176   c_w.l

    ----------------------------------------------------------------------
       796         42          0          0         96       1176   Library Totals

    ----------------------------------------------------------------------

==============================================================================


      Code (inc. data)   RO Data    RW Data    ZI Data      Debug   

      7116       1060        708        124       8604     307547   Grand Totals
      7116       1060        708        124       8604     307547   ELF Image Totals
      7116       1060        708        124          0          0   ROM Totals

==============================================================================

    Total RO  Size (Code + RO Data)                 7824 (   7.64kB)
    Total RW  Size (RW Data + ZI Data)              8728 (   8.52kB)
    Total ROM Size (Code + RO Data + RW Data)       7948 (   7.76kB)

==============================================================================

